[2023-11-12T19:36:32.305+0000][7][gc] Using G1
[2023-11-12T19:36:32.414+0000][7][gc,init] Version: 16+36 (release)
[2023-11-12T19:36:32.414+0000][7][gc,init] CPUs: 4 total, 4 available
[2023-11-12T19:36:32.414+0000][7][gc,init] Memory: 7886M
[2023-11-12T19:36:32.414+0000][7][gc,init] Large Page Support: Disabled
[2023-11-12T19:36:32.414+0000][7][gc,init] NUMA Support: Disabled
[2023-11-12T19:36:32.414+0000][7][gc,init] Compressed Oops: Enabled (32-bit)
[2023-11-12T19:36:32.414+0000][7][gc,init] Heap Region Size: 4M
[2023-11-12T19:36:32.414+0000][7][gc,init] Heap Min Capacity: 512M
[2023-11-12T19:36:32.414+0000][7][gc,init] Heap Initial Capacity: 512M
[2023-11-12T19:36:32.414+0000][7][gc,init] Heap Max Capacity: 512M
[2023-11-12T19:36:32.414+0000][7][gc,init] Pre-touch: Enabled
[2023-11-12T19:36:32.414+0000][7][gc,init] Parallel Workers: 4
[2023-11-12T19:36:32.414+0000][7][gc,init] Concurrent Workers: 1
[2023-11-12T19:36:32.414+0000][7][gc,init] Concurrent Refinement Workers: 4
[2023-11-12T19:36:32.414+0000][7][gc,init] Periodic GC: Disabled
[2023-11-12T19:36:32.415+0000][7][gc,metaspace] CDS archive(s) mapped at: [0x0000000800000000-0x0000000800bea000-0x0000000800bea000), size 12492800, SharedBaseAddress: 0x0000000800000000, ArchiveRelocationMode: 0.
[2023-11-12T19:36:32.415+0000][7][gc,metaspace] Compressed class space mapped at: 0x0000000800c00000-0x0000000840c00000, reserved size: 1073741824
[2023-11-12T19:36:32.415+0000][7][gc,metaspace] Narrow klass base: 0x0000000800000000, Narrow klass shift: 3, Narrow klass range: 0x100000000
[2023-11-12T19:36:32.938+0000][7][safepoint   ] Safepoint "ICBufferFull", Time since last: 515879405 ns, Reaching safepoint: 189200 ns, At safepoint: 51600 ns, Total: 240800 ns
[2023-11-12T19:36:33.390+0000][7][gc,start    ] GC(0) Pause Young (Normal) (G1 Evacuation Pause)
[2023-11-12T19:36:33.390+0000][7][gc,task     ] GC(0) Using 4 workers of 4 for evacuation
[2023-11-12T19:36:33.390+0000][7][gc,age      ] GC(0) Desired survivor size 2097152 bytes, new threshold 15 (max threshold 15)
[2023-11-12T19:36:33.395+0000][7][gc,age      ] GC(0) Age table with threshold 15 (max threshold 15)
[2023-11-12T19:36:33.395+0000][7][gc,age      ] GC(0) - age   1:    4178088 bytes,    4178088 total
[2023-11-12T19:36:33.395+0000][7][gc,phases   ] GC(0)   Pre Evacuate Collection Set: 0.1ms
[2023-11-12T19:36:33.395+0000][7][gc,phases   ] GC(0)   Merge Heap Roots: 0.1ms
[2023-11-12T19:36:33.395+0000][7][gc,phases   ] GC(0)   Evacuate Collection Set: 3.7ms
[2023-11-12T19:36:33.395+0000][7][gc,phases   ] GC(0)   Post Evacuate Collection Set: 0.7ms
[2023-11-12T19:36:33.395+0000][7][gc,phases   ] GC(0)   Other: 0.3ms
[2023-11-12T19:36:33.395+0000][7][gc,heap     ] GC(0) Eden regions: 6->0(5)
[2023-11-12T19:36:33.395+0000][7][gc,heap     ] GC(0) Survivor regions: 0->1(1)
[2023-11-12T19:36:33.395+0000][7][gc,heap     ] GC(0) Old regions: 0->1
[2023-11-12T19:36:33.395+0000][7][gc,heap     ] GC(0) Archive regions: 2->2
[2023-11-12T19:36:33.395+0000][7][gc,heap     ] GC(0) Humongous regions: 0->0
[2023-11-12T19:36:33.395+0000][7][gc,metaspace] GC(0) Metaspace: 8298K(8448K)->8298K(8448K) NonClass: 7381K(7488K)->7381K(7488K) Class: 917K(960K)->917K(960K)
[2023-11-12T19:36:33.395+0000][7][gc          ] GC(0) Pause Young (Normal) (G1 Evacuation Pause) 27M->8M(512M) 4.999ms
[2023-11-12T19:36:33.395+0000][7][gc,cpu      ] GC(0) User=0.01s Sys=0.00s Real=0.00s
[2023-11-12T19:36:33.395+0000][7][safepoint   ] Safepoint "G1CollectForAllocation", Time since last: 451707605 ns, Reaching safepoint: 200200 ns, At safepoint: 5130100 ns, Total: 5330300 ns
[2023-11-12T19:36:34.123+0000][7][gc,start    ] GC(1) Pause Young (Normal) (G1 Evacuation Pause)
[2023-11-12T19:36:34.123+0000][7][gc,task     ] GC(1) Using 4 workers of 4 for evacuation
[2023-11-12T19:36:34.123+0000][7][gc,age      ] GC(1) Desired survivor size 2097152 bytes, new threshold 1 (max threshold 15)
[2023-11-12T19:36:34.129+0000][7][gc,age      ] GC(1) Age table with threshold 1 (max threshold 15)
[2023-11-12T19:36:34.129+0000][7][gc,age      ] GC(1) - age   1:    1746360 bytes,    1746360 total
[2023-11-12T19:36:34.129+0000][7][gc,phases   ] GC(1)   Pre Evacuate Collection Set: 0.1ms
[2023-11-12T19:36:34.129+0000][7][gc,phases   ] GC(1)   Merge Heap Roots: 0.1ms
[2023-11-12T19:36:34.129+0000][7][gc,phases   ] GC(1)   Evacuate Collection Set: 4.9ms
[2023-11-12T19:36:34.129+0000][7][gc,phases   ] GC(1)   Post Evacuate Collection Set: 0.7ms
[2023-11-12T19:36:34.129+0000][7][gc,phases   ] GC(1)   Other: 0.3ms
[2023-11-12T19:36:34.129+0000][7][gc,heap     ] GC(1) Eden regions: 5->0(10)
[2023-11-12T19:36:34.129+0000][7][gc,heap     ] GC(1) Survivor regions: 1->1(1)
[2023-11-12T19:36:34.129+0000][7][gc,heap     ] GC(1) Old regions: 1->2
[2023-11-12T19:36:34.129+0000][7][gc,heap     ] GC(1) Archive regions: 2->2
[2023-11-12T19:36:34.130+0000][7][gc,heap     ] GC(1) Humongous regions: 0->0
[2023-11-12T19:36:34.130+0000][7][gc,metaspace] GC(1) Metaspace: 11874K(12096K)->11874K(12096K) NonClass: 10480K(10624K)->10480K(10624K) Class: 1393K(1472K)->1393K(1472K)
[2023-11-12T19:36:34.130+0000][7][gc          ] GC(1) Pause Young (Normal) (G1 Evacuation Pause) 28M->9M(512M) 6.168ms
[2023-11-12T19:36:34.130+0000][7][gc,cpu      ] GC(1) User=0.02s Sys=0.01s Real=0.00s
[2023-11-12T19:36:34.130+0000][7][safepoint   ] Safepoint "G1CollectForAllocation", Time since last: 728080907 ns, Reaching safepoint: 186800 ns, At safepoint: 6322700 ns, Total: 6509500 ns
[2023-11-12T19:36:34.872+0000][7][gc,start    ] GC(2) Pause Young (Normal) (G1 Evacuation Pause)
[2023-11-12T19:36:34.872+0000][7][gc,task     ] GC(2) Using 4 workers of 4 for evacuation
[2023-11-12T19:36:34.872+0000][7][gc,age      ] GC(2) Desired survivor size 4194304 bytes, new threshold 15 (max threshold 15)
[2023-11-12T19:36:34.877+0000][7][gc,age      ] GC(2) Age table with threshold 15 (max threshold 15)
[2023-11-12T19:36:34.877+0000][7][gc,age      ] GC(2) - age   1:    1392944 bytes,    1392944 total
[2023-11-12T19:36:34.877+0000][7][gc,age      ] GC(2) - age   2:    1673480 bytes,    3066424 total
[2023-11-12T19:36:34.877+0000][7][gc,phases   ] GC(2)   Pre Evacuate Collection Set: 0.1ms
[2023-11-12T19:36:34.877+0000][7][gc,phases   ] GC(2)   Merge Heap Roots: 0.1ms
[2023-11-12T19:36:34.877+0000][7][gc,phases   ] GC(2)   Evacuate Collection Set: 3.8ms
[2023-11-12T19:36:34.877+0000][7][gc,phases   ] GC(2)   Post Evacuate Collection Set: 0.9ms
[2023-11-12T19:36:34.877+0000][7][gc,phases   ] GC(2)   Other: 0.3ms
[2023-11-12T19:36:34.877+0000][7][gc,heap     ] GC(2) Eden regions: 10->0(26)
[2023-11-12T19:36:34.877+0000][7][gc,heap     ] GC(2) Survivor regions: 1->1(2)
[2023-11-12T19:36:34.877+0000][7][gc,heap     ] GC(2) Old regions: 2->2
[2023-11-12T19:36:34.877+0000][7][gc,heap     ] GC(2) Archive regions: 2->2
[2023-11-12T19:36:34.877+0000][7][gc,heap     ] GC(2) Humongous regions: 0->0
[2023-11-12T19:36:34.877+0000][7][gc,metaspace] GC(2) Metaspace: 14483K(14720K)->14483K(14720K) NonClass: 12840K(12992K)->12840K(12992K) Class: 1643K(1728K)->1643K(1728K)
[2023-11-12T19:36:34.877+0000][7][gc          ] GC(2) Pause Young (Normal) (G1 Evacuation Pause) 49M->11M(512M) 5.284ms
[2023-11-12T19:36:34.877+0000][7][gc,cpu      ] GC(2) User=0.01s Sys=0.00s Real=0.00s
[2023-11-12T19:36:34.877+0000][7][safepoint   ] Safepoint "G1CollectForAllocation", Time since last: 741643008 ns, Reaching safepoint: 187300 ns, At safepoint: 5392200 ns, Total: 5579500 ns
[2023-11-12T19:36:35.238+0000][7][safepoint   ] Safepoint "ICBufferFull", Time since last: 361079204 ns, Reaching safepoint: 152100 ns, At safepoint: 6300 ns, Total: 158400 ns
[2023-11-12T19:36:35.244+0000][7][safepoint   ] Safepoint "ICBufferFull", Time since last: 5619200 ns, Reaching safepoint: 93500 ns, At safepoint: 5100 ns, Total: 98600 ns
[2023-11-12T19:36:35.247+0000][7][safepoint   ] Safepoint "ICBufferFull", Time since last: 3397900 ns, Reaching safepoint: 92600 ns, At safepoint: 8700 ns, Total: 101300 ns
[2023-11-12T19:36:35.251+0000][7][safepoint   ] Safepoint "ICBufferFull", Time since last: 3635000 ns, Reaching safepoint: 81700 ns, At safepoint: 4300 ns, Total: 86000 ns
[2023-11-12T19:36:35.255+0000][7][safepoint   ] Safepoint "ICBufferFull", Time since last: 4185800 ns, Reaching safepoint: 88100 ns, At safepoint: 7800 ns, Total: 95900 ns
[2023-11-12T19:36:35.260+0000][7][safepoint   ] Safepoint "ICBufferFull", Time since last: 4609100 ns, Reaching safepoint: 81300 ns, At safepoint: 5200 ns, Total: 86500 ns
[2023-11-12T19:36:35.263+0000][7][safepoint   ] Safepoint "ICBufferFull", Time since last: 3225500 ns, Reaching safepoint: 109700 ns, At safepoint: 6200 ns, Total: 115900 ns
[2023-11-12T19:36:35.266+0000][7][safepoint   ] Safepoint "ICBufferFull", Time since last: 2524700 ns, Reaching safepoint: 91000 ns, At safepoint: 5600 ns, Total: 96600 ns
[2023-11-12T19:36:35.270+0000][7][safepoint   ] Safepoint "ICBufferFull", Time since last: 3881700 ns, Reaching safepoint: 112100 ns, At safepoint: 5200 ns, Total: 117300 ns
[2023-11-12T19:36:35.273+0000][7][safepoint   ] Safepoint "ICBufferFull", Time since last: 3376900 ns, Reaching safepoint: 107300 ns, At safepoint: 5900 ns, Total: 113200 ns
[2023-11-12T19:36:35.277+0000][7][safepoint   ] Safepoint "ICBufferFull", Time since last: 3121300 ns, Reaching safepoint: 76600 ns, At safepoint: 5200 ns, Total: 81800 ns
[2023-11-12T19:36:35.281+0000][7][safepoint   ] Safepoint "ICBufferFull", Time since last: 3831700 ns, Reaching safepoint: 126000 ns, At safepoint: 5600 ns, Total: 131600 ns
[2023-11-12T19:36:35.284+0000][7][safepoint   ] Safepoint "ICBufferFull", Time since last: 2890901 ns, Reaching safepoint: 104700 ns, At safepoint: 7500 ns, Total: 112200 ns
[2023-11-12T19:36:35.291+0000][7][safepoint   ] Safepoint "ICBufferFull", Time since last: 7381000 ns, Reaching safepoint: 66200 ns, At safepoint: 5500 ns, Total: 71700 ns
[2023-11-12T19:36:35.294+0000][7][safepoint   ] Safepoint "ICBufferFull", Time since last: 2717800 ns, Reaching safepoint: 70800 ns, At safepoint: 5900 ns, Total: 76700 ns
[2023-11-12T19:36:35.298+0000][7][safepoint   ] Safepoint "ICBufferFull", Time since last: 3587000 ns, Reaching safepoint: 169300 ns, At safepoint: 31400 ns, Total: 200700 ns
[2023-11-12T19:36:35.302+0000][7][safepoint   ] Safepoint "ICBufferFull", Time since last: 4410300 ns, Reaching safepoint: 114800 ns, At safepoint: 6500 ns, Total: 121300 ns
[2023-11-12T19:36:35.307+0000][7][safepoint   ] Safepoint "ICBufferFull", Time since last: 5043800 ns, Reaching safepoint: 83300 ns, At safepoint: 7700 ns, Total: 91000 ns
[2023-11-12T19:36:35.314+0000][7][safepoint   ] Safepoint "ICBufferFull", Time since last: 6142800 ns, Reaching safepoint: 124300 ns, At safepoint: 5500 ns, Total: 129800 ns
[2023-11-12T19:36:35.316+0000][7][safepoint   ] Safepoint "ICBufferFull", Time since last: 2351500 ns, Reaching safepoint: 58900 ns, At safepoint: 5200 ns, Total: 64100 ns
[2023-11-12T19:36:35.317+0000][7][safepoint   ] Safepoint "ICBufferFull", Time since last: 1300300 ns, Reaching safepoint: 105900 ns, At safepoint: 4800 ns, Total: 110700 ns
[2023-11-12T19:36:35.319+0000][7][safepoint   ] Safepoint "ICBufferFull", Time since last: 1367500 ns, Reaching safepoint: 106900 ns, At safepoint: 6500 ns, Total: 113400 ns
[2023-11-12T19:36:35.321+0000][7][safepoint   ] Safepoint "ICBufferFull", Time since last: 1513400 ns, Reaching safepoint: 61000 ns, At safepoint: 4100 ns, Total: 65100 ns
[2023-11-12T19:36:35.322+0000][7][safepoint   ] Safepoint "ICBufferFull", Time since last: 965900 ns, Reaching safepoint: 115900 ns, At safepoint: 4900 ns, Total: 120800 ns
[2023-11-12T19:36:35.323+0000][7][safepoint   ] Safepoint "ICBufferFull", Time since last: 1356600 ns, Reaching safepoint: 117400 ns, At safepoint: 4600 ns, Total: 122000 ns
[2023-11-12T19:36:35.325+0000][7][safepoint   ] Safepoint "ICBufferFull", Time since last: 1393700 ns, Reaching safepoint: 130600 ns, At safepoint: 4800 ns, Total: 135400 ns
[2023-11-12T19:36:35.326+0000][7][safepoint   ] Safepoint "ICBufferFull", Time since last: 1348400 ns, Reaching safepoint: 114200 ns, At safepoint: 8000 ns, Total: 122200 ns
[2023-11-12T19:36:35.328+0000][7][safepoint   ] Safepoint "ICBufferFull", Time since last: 1565000 ns, Reaching safepoint: 117700 ns, At safepoint: 5600 ns, Total: 123300 ns
[2023-11-12T19:36:35.329+0000][7][safepoint   ] Safepoint "ICBufferFull", Time since last: 1462300 ns, Reaching safepoint: 125200 ns, At safepoint: 5300 ns, Total: 130500 ns
[2023-11-12T19:36:35.331+0000][7][safepoint   ] Safepoint "ICBufferFull", Time since last: 1578100 ns, Reaching safepoint: 117800 ns, At safepoint: 5900 ns, Total: 123700 ns
[2023-11-12T19:36:35.332+0000][7][safepoint   ] Safepoint "ICBufferFull", Time since last: 1182700 ns, Reaching safepoint: 122800 ns, At safepoint: 5200 ns, Total: 128000 ns
[2023-11-12T19:36:35.334+0000][7][safepoint   ] Safepoint "ICBufferFull", Time since last: 1253100 ns, Reaching safepoint: 149200 ns, At safepoint: 41000 ns, Total: 190200 ns
[2023-11-12T19:36:35.335+0000][7][safepoint   ] Safepoint "ICBufferFull", Time since last: 1589400 ns, Reaching safepoint: 65000 ns, At safepoint: 4900 ns, Total: 69900 ns
[2023-11-12T19:36:35.337+0000][7][safepoint   ] Safepoint "ICBufferFull", Time since last: 1544900 ns, Reaching safepoint: 58800 ns, At safepoint: 4500 ns, Total: 63300 ns
[2023-11-12T19:36:35.339+0000][7][safepoint   ] Safepoint "ICBufferFull", Time since last: 1348500 ns, Reaching safepoint: 110500 ns, At safepoint: 5000 ns, Total: 115500 ns
[2023-11-12T19:36:35.340+0000][7][safepoint   ] Safepoint "ICBufferFull", Time since last: 1449200 ns, Reaching safepoint: 108500 ns, At safepoint: 5900 ns, Total: 114400 ns
[2023-11-12T19:36:35.345+0000][7][safepoint   ] Safepoint "ICBufferFull", Time since last: 5014500 ns, Reaching safepoint: 119100 ns, At safepoint: 6600 ns, Total: 125700 ns
[2023-11-12T19:36:35.352+0000][7][safepoint   ] Safepoint "ICBufferFull", Time since last: 6274800 ns, Reaching safepoint: 74300 ns, At safepoint: 8600 ns, Total: 82900 ns
[2023-11-12T19:36:35.357+0000][7][safepoint   ] Safepoint "ICBufferFull", Time since last: 5491600 ns, Reaching safepoint: 200200 ns, At safepoint: 28700 ns, Total: 228900 ns
[2023-11-12T19:36:35.359+0000][7][safepoint   ] Safepoint "ICBufferFull", Time since last: 1709100 ns, Reaching safepoint: 125300 ns, At safepoint: 5600 ns, Total: 130900 ns
[2023-11-12T19:36:35.414+0000][7][safepoint   ] Safepoint "ICBufferFull", Time since last: 55029601 ns, Reaching safepoint: 92300 ns, At safepoint: 8600 ns, Total: 100900 ns
[2023-11-12T19:36:35.416+0000][7][safepoint   ] Safepoint "ICBufferFull", Time since last: 1640700 ns, Reaching safepoint: 153100 ns, At safepoint: 32600 ns, Total: 185700 ns
[2023-11-12T19:36:35.418+0000][7][safepoint   ] Safepoint "ICBufferFull", Time since last: 1658500 ns, Reaching safepoint: 109000 ns, At safepoint: 11800 ns, Total: 120800 ns
[2023-11-12T19:36:35.419+0000][7][safepoint   ] Safepoint "ICBufferFull", Time since last: 1306600 ns, Reaching safepoint: 125600 ns, At safepoint: 5200 ns, Total: 130800 ns
[2023-11-12T19:36:35.421+0000][7][safepoint   ] Safepoint "ICBufferFull", Time since last: 1428400 ns, Reaching safepoint: 183800 ns, At safepoint: 6400 ns, Total: 190200 ns
[2023-11-12T19:36:35.422+0000][7][safepoint   ] Safepoint "ICBufferFull", Time since last: 1214000 ns, Reaching safepoint: 115100 ns, At safepoint: 31000 ns, Total: 146100 ns
[2023-11-12T19:36:35.424+0000][7][safepoint   ] Safepoint "ICBufferFull", Time since last: 1073800 ns, Reaching safepoint: 135800 ns, At safepoint: 6500 ns, Total: 142300 ns
[2023-11-12T19:36:35.425+0000][7][safepoint   ] Safepoint "ICBufferFull", Time since last: 1004400 ns, Reaching safepoint: 121200 ns, At safepoint: 5000 ns, Total: 126200 ns
[2023-11-12T19:36:35.426+0000][7][safepoint   ] Safepoint "ICBufferFull", Time since last: 931400 ns, Reaching safepoint: 133700 ns, At safepoint: 5100 ns, Total: 138800 ns
[2023-11-12T19:36:35.427+0000][7][safepoint   ] Safepoint "ICBufferFull", Time since last: 919100 ns, Reaching safepoint: 133500 ns, At safepoint: 4600 ns, Total: 138100 ns
[2023-11-12T19:36:35.428+0000][7][safepoint   ] Safepoint "ICBufferFull", Time since last: 934600 ns, Reaching safepoint: 113500 ns, At safepoint: 4400 ns, Total: 117900 ns
[2023-11-12T19:36:35.429+0000][7][safepoint   ] Safepoint "ICBufferFull", Time since last: 874700 ns, Reaching safepoint: 111000 ns, At safepoint: 4800 ns, Total: 115800 ns
[2023-11-12T19:36:35.430+0000][7][safepoint   ] Safepoint "ICBufferFull", Time since last: 969400 ns, Reaching safepoint: 110600 ns, At safepoint: 5000 ns, Total: 115600 ns
[2023-11-12T19:36:35.431+0000][7][safepoint   ] Safepoint "ICBufferFull", Time since last: 930500 ns, Reaching safepoint: 112000 ns, At safepoint: 4300 ns, Total: 116300 ns
[2023-11-12T19:36:35.432+0000][7][safepoint   ] Safepoint "ICBufferFull", Time since last: 859000 ns, Reaching safepoint: 113900 ns, At safepoint: 4400 ns, Total: 118300 ns
[2023-11-12T19:36:35.433+0000][7][safepoint   ] Safepoint "ICBufferFull", Time since last: 880300 ns, Reaching safepoint: 116400 ns, At safepoint: 4800 ns, Total: 121200 ns
[2023-11-12T19:36:35.435+0000][7][safepoint   ] Safepoint "ICBufferFull", Time since last: 1559000 ns, Reaching safepoint: 161100 ns, At safepoint: 6200 ns, Total: 167300 ns
[2023-11-12T19:36:35.436+0000][7][safepoint   ] Safepoint "ICBufferFull", Time since last: 991500 ns, Reaching safepoint: 57700 ns, At safepoint: 4300 ns, Total: 62000 ns
[2023-11-12T19:36:35.438+0000][7][safepoint   ] Safepoint "ICBufferFull", Time since last: 1849300 ns, Reaching safepoint: 127800 ns, At safepoint: 5100 ns, Total: 132900 ns
[2023-11-12T19:36:35.439+0000][7][safepoint   ] Safepoint "ICBufferFull", Time since last: 1368100 ns, Reaching safepoint: 73400 ns, At safepoint: 7600 ns, Total: 81000 ns
[2023-11-12T19:36:35.552+0000][7][gc,start    ] GC(3) Pause Young (Normal) (G1 Evacuation Pause)
[2023-11-12T19:36:35.552+0000][7][gc,task     ] GC(3) Using 4 workers of 4 for evacuation
[2023-11-12T19:36:35.552+0000][7][gc,age      ] GC(3) Desired survivor size 8388608 bytes, new threshold 15 (max threshold 15)
[2023-11-12T19:36:35.558+0000][7][gc,age      ] GC(3) Age table with threshold 15 (max threshold 15)
[2023-11-12T19:36:35.558+0000][7][gc,age      ] GC(3) - age   1:    2742584 bytes,    2742584 total
[2023-11-12T19:36:35.558+0000][7][gc,age      ] GC(3) - age   2:    1322528 bytes,    4065112 total
[2023-11-12T19:36:35.558+0000][7][gc,age      ] GC(3) - age   3:    1659208 bytes,    5724320 total
[2023-11-12T19:36:35.558+0000][7][gc,phases   ] GC(3)   Pre Evacuate Collection Set: 0.1ms
[2023-11-12T19:36:35.558+0000][7][gc,phases   ] GC(3)   Merge Heap Roots: 0.1ms
[2023-11-12T19:36:35.558+0000][7][gc,phases   ] GC(3)   Evacuate Collection Set: 4.7ms
[2023-11-12T19:36:35.558+0000][7][gc,phases   ] GC(3)   Post Evacuate Collection Set: 0.8ms
[2023-11-12T19:36:35.558+0000][7][gc,phases   ] GC(3)   Other: 0.3ms
[2023-11-12T19:36:35.558+0000][7][gc,heap     ] GC(3) Eden regions: 26->0(74)
[2023-11-12T19:36:35.558+0000][7][gc,heap     ] GC(3) Survivor regions: 1->2(4)
[2023-11-12T19:36:35.558+0000][7][gc,heap     ] GC(3) Old regions: 2->2
[2023-11-12T19:36:35.558+0000][7][gc,heap     ] GC(3) Archive regions: 2->2
[2023-11-12T19:36:35.558+0000][7][gc,heap     ] GC(3) Humongous regions: 0->0
[2023-11-12T19:36:35.558+0000][7][gc,metaspace] GC(3) Metaspace: 16554K(16832K)->16554K(16832K) NonClass: 14620K(14784K)->14620K(14784K) Class: 1933K(2048K)->1933K(2048K)
[2023-11-12T19:36:35.558+0000][7][gc          ] GC(3) Pause Young (Normal) (G1 Evacuation Pause) 115M->13M(512M) 6.047ms
[2023-11-12T19:36:35.558+0000][7][gc,cpu      ] GC(3) User=0.02s Sys=0.00s Real=0.00s
[2023-11-12T19:36:35.558+0000][7][safepoint   ] Safepoint "G1CollectForAllocation", Time since last: 112747401 ns, Reaching safepoint: 90600 ns, At safepoint: 6128900 ns, Total: 6219500 ns
[2023-11-12T19:36:35.563+0000][7][safepoint   ] Safepoint "ICBufferFull", Time since last: 4549900 ns, Reaching safepoint: 130400 ns, At safepoint: 27800 ns, Total: 158200 ns
[2023-11-12T19:36:35.564+0000][7][safepoint   ] Safepoint "ICBufferFull", Time since last: 958800 ns, Reaching safepoint: 115200 ns, At safepoint: 5200 ns, Total: 120400 ns
[2023-11-12T19:36:35.565+0000][7][safepoint   ] Safepoint "ICBufferFull", Time since last: 891600 ns, Reaching safepoint: 110700 ns, At safepoint: 4300 ns, Total: 115000 ns
[2023-11-12T19:36:35.566+0000][7][safepoint   ] Safepoint "ICBufferFull", Time since last: 1000000 ns, Reaching safepoint: 109200 ns, At safepoint: 4300 ns, Total: 113500 ns
[2023-11-12T19:36:35.568+0000][7][safepoint   ] Safepoint "ICBufferFull", Time since last: 1559400 ns, Reaching safepoint: 86500 ns, At safepoint: 9100 ns, Total: 95600 ns
[2023-11-12T19:36:35.569+0000][7][safepoint   ] Safepoint "ICBufferFull", Time since last: 1576600 ns, Reaching safepoint: 204300 ns, At safepoint: 12500 ns, Total: 216800 ns
[2023-11-12T19:36:35.573+0000][7][safepoint   ] Safepoint "ICBufferFull", Time since last: 2966201 ns, Reaching safepoint: 135400 ns, At safepoint: 6300 ns, Total: 141700 ns
[2023-11-12T19:36:35.574+0000][7][safepoint   ] Safepoint "ICBufferFull", Time since last: 1102800 ns, Reaching safepoint: 100400 ns, At safepoint: 5800 ns, Total: 106200 ns
[2023-11-12T19:36:35.576+0000][7][safepoint   ] Safepoint "ICBufferFull", Time since last: 1922600 ns, Reaching safepoint: 138200 ns, At safepoint: 10900 ns, Total: 149100 ns
[2023-11-12T19:36:35.577+0000][7][safepoint   ] Safepoint "ICBufferFull", Time since last: 1339900 ns, Reaching safepoint: 63400 ns, At safepoint: 5000 ns, Total: 68400 ns
[2023-11-12T19:36:35.578+0000][7][safepoint   ] Safepoint "ICBufferFull", Time since last: 929200 ns, Reaching safepoint: 57200 ns, At safepoint: 4400 ns, Total: 61600 ns
[2023-11-12T19:36:35.579+0000][7][safepoint   ] Safepoint "ICBufferFull", Time since last: 834100 ns, Reaching safepoint: 66200 ns, At safepoint: 4300 ns, Total: 70500 ns
[2023-11-12T19:36:35.580+0000][7][safepoint   ] Safepoint "ICBufferFull", Time since last: 948400 ns, Reaching safepoint: 133400 ns, At safepoint: 5100 ns, Total: 138500 ns
[2023-11-12T19:36:35.581+0000][7][safepoint   ] Safepoint "ICBufferFull", Time since last: 889200 ns, Reaching safepoint: 111500 ns, At safepoint: 4600 ns, Total: 116100 ns
[2023-11-12T19:36:35.582+0000][7][safepoint   ] Safepoint "ICBufferFull", Time since last: 889100 ns, Reaching safepoint: 111500 ns, At safepoint: 4100 ns, Total: 115600 ns
[2023-11-12T19:36:35.583+0000][7][safepoint   ] Safepoint "ICBufferFull", Time since last: 1101700 ns, Reaching safepoint: 129700 ns, At safepoint: 5100 ns, Total: 134800 ns
[2023-11-12T19:36:35.584+0000][7][safepoint   ] Safepoint "ICBufferFull", Time since last: 845700 ns, Reaching safepoint: 113500 ns, At safepoint: 5200 ns, Total: 118700 ns
[2023-11-12T19:36:35.585+0000][7][safepoint   ] Safepoint "ICBufferFull", Time since last: 856800 ns, Reaching safepoint: 73500 ns, At safepoint: 6700 ns, Total: 80200 ns
[2023-11-12T19:36:35.587+0000][7][safepoint   ] Safepoint "ICBufferFull", Time since last: 1993100 ns, Reaching safepoint: 99600 ns, At safepoint: 5700 ns, Total: 105300 ns
[2023-11-12T19:36:35.647+0000][7][safepoint   ] Safepoint "ICBufferFull", Time since last: 59139800 ns, Reaching safepoint: 98400 ns, At safepoint: 5200 ns, Total: 103600 ns
[2023-11-12T19:36:35.725+0000][7][safepoint   ] Safepoint "ICBufferFull", Time since last: 74852101 ns, Reaching safepoint: 3409100 ns, At safepoint: 10600 ns, Total: 3419700 ns
[2023-11-12T19:36:35.727+0000][7][safepoint   ] Safepoint "ICBufferFull", Time since last: 1358700 ns, Reaching safepoint: 129000 ns, At safepoint: 6200 ns, Total: 135200 ns
[2023-11-12T19:36:35.738+0000][7][safepoint   ] Safepoint "ICBufferFull", Time since last: 11457600 ns, Reaching safepoint: 198000 ns, At safepoint: 5000 ns, Total: 203000 ns
[2023-11-12T19:36:35.739+0000][7][safepoint   ] Safepoint "ICBufferFull", Time since last: 1196500 ns, Reaching safepoint: 110000 ns, At safepoint: 7600 ns, Total: 117600 ns
[2023-11-12T19:36:35.741+0000][7][safepoint   ] Safepoint "ICBufferFull", Time since last: 1564200 ns, Reaching safepoint: 140800 ns, At safepoint: 31600 ns, Total: 172400 ns
[2023-11-12T19:36:35.820+0000][7][safepoint   ] Safepoint "ICBufferFull", Time since last: 78598301 ns, Reaching safepoint: 81100 ns, At safepoint: 9100 ns, Total: 90200 ns
[2023-11-12T19:36:35.823+0000][7][safepoint   ] Safepoint "ICBufferFull", Time since last: 3059000 ns, Reaching safepoint: 108500 ns, At safepoint: 8800 ns, Total: 117300 ns
[2023-11-12T19:36:35.825+0000][7][safepoint   ] Safepoint "ICBufferFull", Time since last: 1810000 ns, Reaching safepoint: 78600 ns, At safepoint: 6800 ns, Total: 85400 ns
[2023-11-12T19:36:35.826+0000][7][safepoint   ] Safepoint "ICBufferFull", Time since last: 1246100 ns, Reaching safepoint: 72800 ns, At safepoint: 5500 ns, Total: 78300 ns
[2023-11-12T19:36:35.828+0000][7][safepoint   ] Safepoint "ICBufferFull", Time since last: 1429300 ns, Reaching safepoint: 67500 ns, At safepoint: 5600 ns, Total: 73100 ns
[2023-11-12T19:36:35.829+0000][7][safepoint   ] Safepoint "ICBufferFull", Time since last: 1362900 ns, Reaching safepoint: 114500 ns, At safepoint: 28700 ns, Total: 143200 ns
[2023-11-12T19:36:35.831+0000][7][safepoint   ] Safepoint "ICBufferFull", Time since last: 1098000 ns, Reaching safepoint: 112200 ns, At safepoint: 8700 ns, Total: 120900 ns
[2023-11-12T19:36:35.832+0000][7][safepoint   ] Safepoint "ICBufferFull", Time since last: 1012800 ns, Reaching safepoint: 93100 ns, At safepoint: 5800 ns, Total: 98900 ns
[2023-11-12T19:36:35.833+0000][7][safepoint   ] Safepoint "ICBufferFull", Time since last: 1036300 ns, Reaching safepoint: 128200 ns, At safepoint: 7800 ns, Total: 136000 ns
[2023-11-12T19:36:35.834+0000][7][safepoint   ] Safepoint "ICBufferFull", Time since last: 1307500 ns, Reaching safepoint: 96400 ns, At safepoint: 6100 ns, Total: 102500 ns
[2023-11-12T19:36:35.836+0000][7][safepoint   ] Safepoint "ICBufferFull", Time since last: 1256200 ns, Reaching safepoint: 94300 ns, At safepoint: 5800 ns, Total: 100100 ns
[2023-11-12T19:36:35.837+0000][7][safepoint   ] Safepoint "ICBufferFull", Time since last: 1348900 ns, Reaching safepoint: 106400 ns, At safepoint: 7700 ns, Total: 114100 ns
[2023-11-12T19:36:35.838+0000][7][safepoint   ] Safepoint "ICBufferFull", Time since last: 1199400 ns, Reaching safepoint: 104800 ns, At safepoint: 36300 ns, Total: 141100 ns
[2023-11-12T19:36:35.840+0000][7][safepoint   ] Safepoint "ICBufferFull", Time since last: 1234200 ns, Reaching safepoint: 102900 ns, At safepoint: 6100 ns, Total: 109000 ns
[2023-11-12T19:36:35.842+0000][7][safepoint   ] Safepoint "ICBufferFull", Time since last: 1941000 ns, Reaching safepoint: 90100 ns, At safepoint: 7200 ns, Total: 97300 ns
[2023-11-12T19:36:35.844+0000][7][safepoint   ] Safepoint "ICBufferFull", Time since last: 1758800 ns, Reaching safepoint: 67700 ns, At safepoint: 6000 ns, Total: 73700 ns
[2023-11-12T19:36:35.846+0000][7][safepoint   ] Safepoint "ICBufferFull", Time since last: 2224600 ns, Reaching safepoint: 308300 ns, At safepoint: 36700 ns, Total: 345000 ns
[2023-11-12T19:36:35.848+0000][7][safepoint   ] Safepoint "ICBufferFull", Time since last: 2109700 ns, Reaching safepoint: 202200 ns, At safepoint: 13500 ns, Total: 215700 ns
[2023-11-12T19:36:36.593+0000][7][gc,start    ] GC(4) Pause Young (Normal) (G1 Evacuation Pause)
[2023-11-12T19:36:36.593+0000][7][gc,task     ] GC(4) Using 4 workers of 4 for evacuation
[2023-11-12T19:36:36.593+0000][7][gc,age      ] GC(4) Desired survivor size 20971520 bytes, new threshold 15 (max threshold 15)
[2023-11-12T19:36:36.604+0000][7][gc,age      ] GC(4) Age table with threshold 15 (max threshold 15)
[2023-11-12T19:36:36.605+0000][7][gc,age      ] GC(4) - age   1:    4982304 bytes,    4982304 total
[2023-11-12T19:36:36.605+0000][7][gc,age      ] GC(4) - age   2:    2717664 bytes,    7699968 total
[2023-11-12T19:36:36.605+0000][7][gc,age      ] GC(4) - age   3:    1322408 bytes,    9022376 total
[2023-11-12T19:36:36.605+0000][7][gc,age      ] GC(4) - age   4:    1659112 bytes,   10681488 total
[2023-11-12T19:36:36.605+0000][7][gc,phases   ] GC(4)   Pre Evacuate Collection Set: 0.1ms
[2023-11-12T19:36:36.605+0000][7][gc,phases   ] GC(4)   Merge Heap Roots: 0.1ms
[2023-11-12T19:36:36.605+0000][7][gc,phases   ] GC(4)   Evacuate Collection Set: 10.4ms
[2023-11-12T19:36:36.605+0000][7][gc,phases   ] GC(4)   Post Evacuate Collection Set: 0.8ms
[2023-11-12T19:36:36.605+0000][7][gc,phases   ] GC(4)   Other: 0.3ms
[2023-11-12T19:36:36.605+0000][7][gc,heap     ] GC(4) Eden regions: 74->0(73)
[2023-11-12T19:36:36.605+0000][7][gc,heap     ] GC(4) Survivor regions: 2->3(10)
[2023-11-12T19:36:36.605+0000][7][gc,heap     ] GC(4) Old regions: 2->2
[2023-11-12T19:36:36.605+0000][7][gc,heap     ] GC(4) Archive regions: 2->2
[2023-11-12T19:36:36.605+0000][7][gc,heap     ] GC(4) Humongous regions: 0->0
[2023-11-12T19:36:36.605+0000][7][gc,metaspace] GC(4) Metaspace: 19089K(19456K)->19089K(19456K) NonClass: 16794K(17024K)->16794K(17024K) Class: 2295K(2432K)->2295K(2432K)
[2023-11-12T19:36:36.605+0000][7][gc          ] GC(4) Pause Young (Normal) (G1 Evacuation Pause) 309M->18M(512M) 11.791ms
[2023-11-12T19:36:36.605+0000][7][gc,cpu      ] GC(4) User=0.04s Sys=0.00s Real=0.01s
[2023-11-12T19:36:36.605+0000][7][safepoint   ] Safepoint "G1CollectForAllocation", Time since last: 744231508 ns, Reaching safepoint: 174100 ns, At safepoint: 11852800 ns, Total: 12026900 ns
[2023-11-12T19:36:37.187+0000][7][gc,start    ] GC(5) Pause Young (Normal) (G1 Evacuation Pause)
[2023-11-12T19:36:37.187+0000][7][gc,task     ] GC(5) Using 4 workers of 4 for evacuation
[2023-11-12T19:36:37.187+0000][7][gc,age      ] GC(5) Desired survivor size 20971520 bytes, new threshold 15 (max threshold 15)
[2023-11-12T19:36:37.199+0000][7][gc,age      ] GC(5) Age table with threshold 15 (max threshold 15)
[2023-11-12T19:36:37.199+0000][7][gc,age      ] GC(5) - age   1:    3819568 bytes,    3819568 total
[2023-11-12T19:36:37.199+0000][7][gc,age      ] GC(5) - age   2:    2955400 bytes,    6774968 total
[2023-11-12T19:36:37.199+0000][7][gc,age      ] GC(5) - age   3:    2716768 bytes,    9491736 total
[2023-11-12T19:36:37.199+0000][7][gc,age      ] GC(5) - age   4:    1314984 bytes,   10806720 total
[2023-11-12T19:36:37.199+0000][7][gc,age      ] GC(5) - age   5:    1659112 bytes,   12465832 total
[2023-11-12T19:36:37.199+0000][7][gc,phases   ] GC(5)   Pre Evacuate Collection Set: 0.1ms
[2023-11-12T19:36:37.199+0000][7][gc,phases   ] GC(5)   Merge Heap Roots: 0.2ms
[2023-11-12T19:36:37.199+0000][7][gc,phases   ] GC(5)   Evacuate Collection Set: 10.0ms
[2023-11-12T19:36:37.199+0000][7][gc,phases   ] GC(5)   Post Evacuate Collection Set: 1.4ms
[2023-11-12T19:36:37.199+0000][7][gc,phases   ] GC(5)   Other: 0.3ms
[2023-11-12T19:36:37.199+0000][7][gc,heap     ] GC(5) Eden regions: 73->0(72)
[2023-11-12T19:36:37.199+0000][7][gc,heap     ] GC(5) Survivor regions: 3->4(10)
[2023-11-12T19:36:37.199+0000][7][gc,heap     ] GC(5) Old regions: 2->2
[2023-11-12T19:36:37.199+0000][7][gc,heap     ] GC(5) Archive regions: 2->2
[2023-11-12T19:36:37.199+0000][7][gc,heap     ] GC(5) Humongous regions: 0->0
[2023-11-12T19:36:37.199+0000][7][gc,metaspace] GC(5) Metaspace: 19742K(20160K)->19742K(20160K) NonClass: 17375K(17600K)->17375K(17600K) Class: 2367K(2560K)->2367K(2560K)
[2023-11-12T19:36:37.199+0000][7][gc          ] GC(5) Pause Young (Normal) (G1 Evacuation Pause) 310M->20M(512M) 12.219ms
[2023-11-12T19:36:37.199+0000][7][gc,cpu      ] GC(5) User=0.04s Sys=0.00s Real=0.01s
[2023-11-12T19:36:37.199+0000][7][safepoint   ] Safepoint "G1CollectForAllocation", Time since last: 581993506 ns, Reaching safepoint: 137400 ns, At safepoint: 12295301 ns, Total: 12432701 ns
[2023-11-12T19:36:37.700+0000][7][gc,start    ] GC(6) Pause Young (Normal) (G1 Evacuation Pause)
[2023-11-12T19:36:37.700+0000][7][gc,task     ] GC(6) Using 4 workers of 4 for evacuation
[2023-11-12T19:36:37.700+0000][7][gc,age      ] GC(6) Desired survivor size 20971520 bytes, new threshold 15 (max threshold 15)
[2023-11-12T19:36:37.711+0000][7][gc,age      ] GC(6) Age table with threshold 15 (max threshold 15)
[2023-11-12T19:36:37.711+0000][7][gc,age      ] GC(6) - age   1:    1496256 bytes,    1496256 total
[2023-11-12T19:36:37.711+0000][7][gc,age      ] GC(6) - age   2:    2596504 bytes,    4092760 total
[2023-11-12T19:36:37.711+0000][7][gc,age      ] GC(6) - age   3:    2954232 bytes,    7046992 total
[2023-11-12T19:36:37.711+0000][7][gc,age      ] GC(6) - age   4:    2716768 bytes,    9763760 total
[2023-11-12T19:36:37.711+0000][7][gc,age      ] GC(6) - age   5:    1314984 bytes,   11078744 total
[2023-11-12T19:36:37.711+0000][7][gc,age      ] GC(6) - age   6:    1659112 bytes,   12737856 total
[2023-11-12T19:36:37.711+0000][7][gc,phases   ] GC(6)   Pre Evacuate Collection Set: 0.2ms
[2023-11-12T19:36:37.711+0000][7][gc,phases   ] GC(6)   Merge Heap Roots: 0.1ms
[2023-11-12T19:36:37.711+0000][7][gc,phases   ] GC(6)   Evacuate Collection Set: 9.7ms
[2023-11-12T19:36:37.711+0000][7][gc,phases   ] GC(6)   Post Evacuate Collection Set: 1.0ms
[2023-11-12T19:36:37.711+0000][7][gc,phases   ] GC(6)   Other: 0.4ms
[2023-11-12T19:36:37.711+0000][7][gc,heap     ] GC(6) Eden regions: 72->0(72)
[2023-11-12T19:36:37.711+0000][7][gc,heap     ] GC(6) Survivor regions: 4->4(10)
[2023-11-12T19:36:37.711+0000][7][gc,heap     ] GC(6) Old regions: 2->2
[2023-11-12T19:36:37.711+0000][7][gc,heap     ] GC(6) Archive regions: 2->2
[2023-11-12T19:36:37.711+0000][7][gc,heap     ] GC(6) Humongous regions: 0->0
[2023-11-12T19:36:37.711+0000][7][gc,metaspace] GC(6) Metaspace: 20134K(20608K)->20134K(20608K) NonClass: 17696K(17920K)->17696K(17920K) Class: 2438K(2688K)->2438K(2688K)
[2023-11-12T19:36:37.711+0000][7][gc          ] GC(6) Pause Young (Normal) (G1 Evacuation Pause) 308M->21M(512M) 11.470ms
[2023-11-12T19:36:37.711+0000][7][gc,cpu      ] GC(6) User=0.03s Sys=0.01s Real=0.01s
[2023-11-12T19:36:37.711+0000][7][safepoint   ] Safepoint "G1CollectForAllocation", Time since last: 500423904 ns, Reaching safepoint: 103800 ns, At safepoint: 11607100 ns, Total: 11710900 ns
[2023-11-12T19:36:37.959+0000][7][gc,start    ] GC(7) Pause Young (Concurrent Start) (Metadata GC Threshold)
[2023-11-12T19:36:37.959+0000][7][gc,task     ] GC(7) Using 4 workers of 4 for evacuation
[2023-11-12T19:36:37.959+0000][7][gc,age      ] GC(7) Desired survivor size 20971520 bytes, new threshold 15 (max threshold 15)
[2023-11-12T19:36:37.970+0000][7][gc,age      ] GC(7) Age table with threshold 15 (max threshold 15)
[2023-11-12T19:36:37.970+0000][7][gc,age      ] GC(7) - age   1:    1584136 bytes,    1584136 total
[2023-11-12T19:36:37.970+0000][7][gc,age      ] GC(7) - age   2:     573544 bytes,    2157680 total
[2023-11-12T19:36:37.970+0000][7][gc,age      ] GC(7) - age   3:    2595464 bytes,    4753144 total
[2023-11-12T19:36:37.970+0000][7][gc,age      ] GC(7) - age   4:    2953952 bytes,    7707096 total
[2023-11-12T19:36:37.970+0000][7][gc,age      ] GC(7) - age   5:    2716768 bytes,   10423864 total
[2023-11-12T19:36:37.970+0000][7][gc,age      ] GC(7) - age   6:    1314328 bytes,   11738192 total
[2023-11-12T19:36:37.970+0000][7][gc,age      ] GC(7) - age   7:    1658888 bytes,   13397080 total
[2023-11-12T19:36:37.970+0000][7][gc,phases   ] GC(7)   Pre Evacuate Collection Set: 0.1ms
[2023-11-12T19:36:37.970+0000][7][gc,phases   ] GC(7)   Merge Heap Roots: 0.1ms
[2023-11-12T19:36:37.970+0000][7][gc,phases   ] GC(7)   Evacuate Collection Set: 10.1ms
[2023-11-12T19:36:37.970+0000][7][gc,phases   ] GC(7)   Post Evacuate Collection Set: 0.9ms
[2023-11-12T19:36:37.970+0000][7][gc,phases   ] GC(7)   Other: 0.4ms
[2023-11-12T19:36:37.970+0000][7][gc,heap     ] GC(7) Eden regions: 27->0(72)
[2023-11-12T19:36:37.970+0000][7][gc,heap     ] GC(7) Survivor regions: 4->4(10)
[2023-11-12T19:36:37.970+0000][7][gc,heap     ] GC(7) Old regions: 2->2
[2023-11-12T19:36:37.970+0000][7][gc,heap     ] GC(7) Archive regions: 2->2
[2023-11-12T19:36:37.970+0000][7][gc,heap     ] GC(7) Humongous regions: 0->0
[2023-11-12T19:36:37.970+0000][7][gc,metaspace] GC(7) Metaspace: 20768K(21248K)->20768K(21248K) NonClass: 18245K(18496K)->18245K(18496K) Class: 2522K(2752K)->2522K(2752K)
[2023-11-12T19:36:37.970+0000][7][gc          ] GC(7) Pause Young (Concurrent Start) (Metadata GC Threshold) 129M->22M(512M) 11.666ms
[2023-11-12T19:36:37.970+0000][7][gc,cpu      ] GC(7) User=0.04s Sys=0.01s Real=0.02s
[2023-11-12T19:36:37.970+0000][7][gc          ] GC(8) Concurrent Mark Cycle
[2023-11-12T19:36:37.970+0000][7][gc,marking  ] GC(8) Concurrent Clear Claimed Marks
[2023-11-12T19:36:37.970+0000][7][safepoint   ] Safepoint "CollectForMetadataAllocation", Time since last: 247070002 ns, Reaching safepoint: 146100 ns, At safepoint: 11888000 ns, Total: 12034100 ns
[2023-11-12T19:36:37.970+0000][7][gc,marking  ] GC(8) Concurrent Clear Claimed Marks 0.076ms
[2023-11-12T19:36:37.971+0000][7][gc,marking  ] GC(8) Concurrent Scan Root Regions
[2023-11-12T19:36:37.979+0000][7][gc,marking  ] GC(8) Concurrent Scan Root Regions 8.148ms
[2023-11-12T19:36:37.979+0000][7][gc,marking  ] GC(8) Concurrent Mark
[2023-11-12T19:36:37.979+0000][7][gc,marking  ] GC(8) Concurrent Mark From Roots
[2023-11-12T19:36:37.979+0000][7][gc,task     ] GC(8) Using 1 workers of 1 for marking
[2023-11-12T19:36:37.989+0000][7][gc,marking  ] GC(8) Concurrent Mark From Roots 10.049ms
[2023-11-12T19:36:37.989+0000][7][gc,marking  ] GC(8) Concurrent Preclean
[2023-11-12T19:36:37.989+0000][7][gc,marking  ] GC(8) Concurrent Preclean 0.234ms
[2023-11-12T19:36:37.990+0000][7][gc,start    ] GC(8) Pause Remark
[2023-11-12T19:36:37.997+0000][7][gc          ] GC(8) Pause Remark 24M->24M(512M) 7.328ms
[2023-11-12T19:36:37.997+0000][7][gc,cpu      ] GC(8) User=0.01s Sys=0.01s Real=0.01s
[2023-11-12T19:36:37.997+0000][7][safepoint   ] Safepoint "G1Concurrent", Time since last: 19016400 ns, Reaching safepoint: 233300 ns, At safepoint: 7502000 ns, Total: 7735300 ns
[2023-11-12T19:36:37.997+0000][7][gc,marking  ] GC(8) Concurrent Mark 18.552ms
[2023-11-12T19:36:37.997+0000][7][gc,marking  ] GC(8) Concurrent Rebuild Remembered Sets
[2023-11-12T19:36:38.002+0000][7][gc,marking  ] GC(8) Concurrent Rebuild Remembered Sets 4.954ms
[2023-11-12T19:36:38.003+0000][7][gc,start    ] GC(8) Pause Cleanup
[2023-11-12T19:36:38.003+0000][7][gc          ] GC(8) Pause Cleanup 24M->24M(512M) 0.206ms
[2023-11-12T19:36:38.003+0000][7][gc,cpu      ] GC(8) User=0.00s Sys=0.00s Real=0.00s
[2023-11-12T19:36:38.003+0000][7][safepoint   ] Safepoint "G1Concurrent", Time since last: 5487000 ns, Reaching safepoint: 252100 ns, At safepoint: 323300 ns, Total: 575400 ns
[2023-11-12T19:36:38.003+0000][7][gc,marking  ] GC(8) Concurrent Cleanup for Next Mark
[2023-11-12T19:36:38.004+0000][7][gc,marking  ] GC(8) Concurrent Cleanup for Next Mark 0.939ms
[2023-11-12T19:36:38.004+0000][7][gc          ] GC(8) Concurrent Mark Cycle 34.133ms
[2023-11-12T19:36:38.506+0000][7][gc,start    ] GC(9) Pause Young (Normal) (G1 Evacuation Pause)
[2023-11-12T19:36:38.506+0000][7][gc,task     ] GC(9) Using 4 workers of 4 for evacuation
[2023-11-12T19:36:38.506+0000][7][gc,age      ] GC(9) Desired survivor size 20971520 bytes, new threshold 15 (max threshold 15)
[2023-11-12T19:36:38.515+0000][7][gc,age      ] GC(9) Age table with threshold 15 (max threshold 15)
[2023-11-12T19:36:38.515+0000][7][gc,age      ] GC(9) - age   1:    1563000 bytes,    1563000 total
[2023-11-12T19:36:38.515+0000][7][gc,age      ] GC(9) - age   2:    1552728 bytes,    3115728 total
[2023-11-12T19:36:38.515+0000][7][gc,age      ] GC(9) - age   3:     571456 bytes,    3687184 total
[2023-11-12T19:36:38.515+0000][7][gc,age      ] GC(9) - age   4:    2595192 bytes,    6282376 total
[2023-11-12T19:36:38.515+0000][7][gc,age      ] GC(9) - age   5:    2953440 bytes,    9235816 total
[2023-11-12T19:36:38.515+0000][7][gc,age      ] GC(9) - age   6:    2716736 bytes,   11952552 total
[2023-11-12T19:36:38.515+0000][7][gc,age      ] GC(9) - age   7:    1313608 bytes,   13266160 total
[2023-11-12T19:36:38.515+0000][7][gc,age      ] GC(9) - age   8:    1657096 bytes,   14923256 total
[2023-11-12T19:36:38.515+0000][7][gc,phases   ] GC(9)   Pre Evacuate Collection Set: 0.1ms
[2023-11-12T19:36:38.515+0000][7][gc,phases   ] GC(9)   Merge Heap Roots: 0.1ms
[2023-11-12T19:36:38.515+0000][7][gc,phases   ] GC(9)   Evacuate Collection Set: 7.8ms
[2023-11-12T19:36:38.515+0000][7][gc,phases   ] GC(9)   Post Evacuate Collection Set: 0.9ms
[2023-11-12T19:36:38.515+0000][7][gc,phases   ] GC(9)   Other: 0.3ms
[2023-11-12T19:36:38.515+0000][7][gc,heap     ] GC(9) Eden regions: 72->0(72)
[2023-11-12T19:36:38.515+0000][7][gc,heap     ] GC(9) Survivor regions: 4->4(10)
[2023-11-12T19:36:38.515+0000][7][gc,heap     ] GC(9) Old regions: 2->2
[2023-11-12T19:36:38.515+0000][7][gc,heap     ] GC(9) Archive regions: 2->2
[2023-11-12T19:36:38.515+0000][7][gc,heap     ] GC(9) Humongous regions: 0->0
[2023-11-12T19:36:38.515+0000][7][gc,metaspace] GC(9) Metaspace: 21314K(21824K)->21314K(21824K) NonClass: 18719K(19008K)->18719K(19008K) Class: 2594K(2816K)->2594K(2816K)
[2023-11-12T19:36:38.515+0000][7][gc          ] GC(9) Pause Young (Normal) (G1 Evacuation Pause) 310M->23M(512M) 9.341ms
[2023-11-12T19:36:38.515+0000][7][gc,cpu      ] GC(9) User=0.03s Sys=0.00s Real=0.01s
[2023-11-12T19:36:38.515+0000][7][safepoint   ] Safepoint "G1CollectForAllocation", Time since last: 502182003 ns, Reaching safepoint: 107800 ns, At safepoint: 9434200 ns, Total: 9542000 ns
[2023-11-12T19:36:39.516+0000][7][safepoint   ] Safepoint "Cleanup", Time since last: 1000171506 ns, Reaching safepoint: 331400 ns, At safepoint: 60400 ns, Total: 391800 ns
[2023-11-12T19:36:40.466+0000][7][gc,start    ] GC(10) Pause Young (Normal) (G1 Evacuation Pause)
[2023-11-12T19:36:40.466+0000][7][gc,task     ] GC(10) Using 4 workers of 4 for evacuation
[2023-11-12T19:36:40.466+0000][7][gc,age      ] GC(10) Desired survivor size 20971520 bytes, new threshold 15 (max threshold 15)
[2023-11-12T19:36:40.487+0000][7][gc,age      ] GC(10) Age table with threshold 15 (max threshold 15)
[2023-11-12T19:36:40.487+0000][7][gc,age      ] GC(10) - age   1:   11385160 bytes,   11385160 total
[2023-11-12T19:36:40.487+0000][7][gc,age      ] GC(10) - age   2:    1059392 bytes,   12444552 total
[2023-11-12T19:36:40.487+0000][7][gc,age      ] GC(10) - age   3:    1537224 bytes,   13981776 total
[2023-11-12T19:36:40.487+0000][7][gc,age      ] GC(10) - age   4:     556224 bytes,   14538000 total
[2023-11-12T19:36:40.487+0000][7][gc,age      ] GC(10) - age   5:    2577376 bytes,   17115376 total
[2023-11-12T19:36:40.487+0000][7][gc,age      ] GC(10) - age   6:    2930632 bytes,   20046008 total
[2023-11-12T19:36:40.487+0000][7][gc,age      ] GC(10) - age   7:    2669456 bytes,   22715464 total
[2023-11-12T19:36:40.487+0000][7][gc,age      ] GC(10) - age   8:    1291328 bytes,   24006792 total
[2023-11-12T19:36:40.487+0000][7][gc,age      ] GC(10) - age   9:    1649912 bytes,   25656704 total
[2023-11-12T19:36:40.487+0000][7][gc,phases   ] GC(10)   Pre Evacuate Collection Set: 0.1ms
[2023-11-12T19:36:40.487+0000][7][gc,phases   ] GC(10)   Merge Heap Roots: 0.0ms
[2023-11-12T19:36:40.487+0000][7][gc,phases   ] GC(10)   Evacuate Collection Set: 19.5ms
[2023-11-12T19:36:40.487+0000][7][gc,phases   ] GC(10)   Post Evacuate Collection Set: 1.5ms
[2023-11-12T19:36:40.487+0000][7][gc,phases   ] GC(10)   Other: 0.3ms
[2023-11-12T19:36:40.487+0000][7][gc,heap     ] GC(10) Eden regions: 72->0(69)
[2023-11-12T19:36:40.487+0000][7][gc,heap     ] GC(10) Survivor regions: 4->7(10)
[2023-11-12T19:36:40.487+0000][7][gc,heap     ] GC(10) Old regions: 2->2
[2023-11-12T19:36:40.487+0000][7][gc,heap     ] GC(10) Archive regions: 2->2
[2023-11-12T19:36:40.487+0000][7][gc,heap     ] GC(10) Humongous regions: 0->0
[2023-11-12T19:36:40.487+0000][7][gc,metaspace] GC(10) Metaspace: 29456K(30272K)->29456K(30272K) NonClass: 25773K(26240K)->25773K(26240K) Class: 3682K(4032K)->3682K(4032K)
[2023-11-12T19:36:40.487+0000][7][gc          ] GC(10) Pause Young (Normal) (G1 Evacuation Pause) 311M->33M(512M) 21.477ms
[2023-11-12T19:36:40.487+0000][7][gc,cpu      ] GC(10) User=0.08s Sys=0.00s Real=0.02s
[2023-11-12T19:36:40.488+0000][7][safepoint   ] Safepoint "G1CollectForAllocation", Time since last: 950070105 ns, Reaching safepoint: 392200 ns, At safepoint: 21591000 ns, Total: 21983200 ns
[2023-11-12T19:36:41.970+0000][7][safepoint   ] Safepoint "Cleanup", Time since last: 1482504709 ns, Reaching safepoint: 270100 ns, At safepoint: 26300 ns, Total: 296400 ns
[2023-11-12T19:36:42.847+0000][7][gc,start    ] GC(11) Pause Young (Concurrent Start) (Metadata GC Threshold)
[2023-11-12T19:36:42.847+0000][7][gc,task     ] GC(11) Using 4 workers of 4 for evacuation
[2023-11-12T19:36:42.847+0000][7][gc,age      ] GC(11) Desired survivor size 20971520 bytes, new threshold 7 (max threshold 15)
[2023-11-12T19:36:42.902+0000][7][gc,age      ] GC(11) Age table with threshold 7 (max threshold 15)
[2023-11-12T19:36:42.902+0000][7][gc,age      ] GC(11) - age   1:   22256000 bytes,   22256000 total
[2023-11-12T19:36:42.902+0000][7][gc,age      ] GC(11) - age   2:   11006376 bytes,   33262376 total
[2023-11-12T19:36:42.902+0000][7][gc,age      ] GC(11) - age   3:    1059136 bytes,   34321512 total
[2023-11-12T19:36:42.902+0000][7][gc,age      ] GC(11) - age   4:    1537128 bytes,   35858640 total
[2023-11-12T19:36:42.902+0000][7][gc,age      ] GC(11) - age   5:     556192 bytes,   36414832 total
[2023-11-12T19:36:42.902+0000][7][gc,age      ] GC(11) - age   6:    2566224 bytes,   38981056 total
[2023-11-12T19:36:42.902+0000][7][gc,age      ] GC(11) - age   7:    2923264 bytes,   41904320 total
[2023-11-12T19:36:42.902+0000][7][gc,phases   ] GC(11)   Pre Evacuate Collection Set: 0.1ms
[2023-11-12T19:36:42.902+0000][7][gc,phases   ] GC(11)   Merge Heap Roots: 0.1ms
[2023-11-12T19:36:42.902+0000][7][gc,phases   ] GC(11)   Evacuate Collection Set: 52.7ms
[2023-11-12T19:36:42.902+0000][7][gc,phases   ] GC(11)   Post Evacuate Collection Set: 1.6ms
[2023-11-12T19:36:42.902+0000][7][gc,phases   ] GC(11)   Other: 0.4ms
[2023-11-12T19:36:42.902+0000][7][gc,heap     ] GC(11) Eden regions: 56->0(66)
[2023-11-12T19:36:42.902+0000][7][gc,heap     ] GC(11) Survivor regions: 7->10(10)
[2023-11-12T19:36:42.902+0000][7][gc,heap     ] GC(11) Old regions: 2->4
[2023-11-12T19:36:42.902+0000][7][gc,heap     ] GC(11) Archive regions: 2->2
[2023-11-12T19:36:42.902+0000][7][gc,heap     ] GC(11) Humongous regions: 0->0
[2023-11-12T19:36:42.902+0000][7][gc,metaspace] GC(11) Metaspace: 34761K(35648K)->34761K(35648K) NonClass: 30297K(30784K)->30297K(30784K) Class: 4464K(4864K)->4464K(4864K)
[2023-11-12T19:36:42.902+0000][7][gc          ] GC(11) Pause Young (Concurrent Start) (Metadata GC Threshold) 255M->59M(512M) 55.048ms
[2023-11-12T19:36:42.902+0000][7][gc,cpu      ] GC(11) User=0.21s Sys=0.01s Real=0.06s
[2023-11-12T19:36:42.902+0000][7][gc          ] GC(12) Concurrent Mark Cycle
[2023-11-12T19:36:42.902+0000][7][gc,marking  ] GC(12) Concurrent Clear Claimed Marks
[2023-11-12T19:36:42.902+0000][7][gc,marking  ] GC(12) Concurrent Clear Claimed Marks 0.071ms
[2023-11-12T19:36:42.902+0000][7][gc,marking  ] GC(12) Concurrent Scan Root Regions
[2023-11-12T19:36:42.902+0000][7][safepoint   ] Safepoint "CollectForMetadataAllocation", Time since last: 876581305 ns, Reaching safepoint: 163100 ns, At safepoint: 55206100 ns, Total: 55369200 ns
[2023-11-12T19:36:42.939+0000][7][safepoint   ] Safepoint "CollectForMetadataAllocation", Time since last: 35981201 ns, Reaching safepoint: 299900 ns, At safepoint: 142800 ns, Total: 442700 ns
[2023-11-12T19:36:42.958+0000][7][gc,marking  ] GC(12) Concurrent Scan Root Regions 55.988ms
[2023-11-12T19:36:42.959+0000][7][gc,marking  ] GC(12) Concurrent Mark
[2023-11-12T19:36:42.959+0000][7][gc,marking  ] GC(12) Concurrent Mark From Roots
[2023-11-12T19:36:42.959+0000][7][gc,task     ] GC(12) Using 1 workers of 1 for marking
[2023-11-12T19:36:42.964+0000][7][safepoint   ] Safepoint "CollectForMetadataAllocation", Time since last: 24497800 ns, Reaching safepoint: 174800 ns, At safepoint: 82700 ns, Total: 257500 ns
[2023-11-12T19:36:42.968+0000][7][gc,marking  ] GC(12) Concurrent Mark From Roots 9.735ms
[2023-11-12T19:36:42.968+0000][7][gc,marking  ] GC(12) Concurrent Preclean
[2023-11-12T19:36:42.968+0000][7][gc,marking  ] GC(12) Concurrent Preclean 0.121ms
[2023-11-12T19:36:42.969+0000][7][gc,start    ] GC(12) Pause Remark
[2023-11-12T19:36:42.973+0000][7][gc          ] GC(12) Pause Remark 63M->63M(512M) 4.313ms
[2023-11-12T19:36:42.973+0000][7][gc,cpu      ] GC(12) User=0.02s Sys=0.00s Real=0.01s
[2023-11-12T19:36:42.973+0000][7][safepoint   ] Safepoint "G1Concurrent", Time since last: 5114800 ns, Reaching safepoint: 78100 ns, At safepoint: 4590700 ns, Total: 4668800 ns
[2023-11-12T19:36:42.973+0000][7][gc,marking  ] GC(12) Concurrent Mark 14.886ms
[2023-11-12T19:36:42.974+0000][7][gc,marking  ] GC(12) Concurrent Rebuild Remembered Sets
[2023-11-12T19:36:42.996+0000][7][gc,marking  ] GC(12) Concurrent Rebuild Remembered Sets 22.072ms
[2023-11-12T19:36:42.997+0000][7][gc,start    ] GC(12) Pause Cleanup
[2023-11-12T19:36:42.997+0000][7][gc          ] GC(12) Pause Cleanup 63M->63M(512M) 0.186ms
[2023-11-12T19:36:42.997+0000][7][gc,cpu      ] GC(12) User=0.00s Sys=0.00s Real=0.00s
[2023-11-12T19:36:42.997+0000][7][safepoint   ] Safepoint "G1Concurrent", Time since last: 23560100 ns, Reaching safepoint: 172200 ns, At safepoint: 302900 ns, Total: 475100 ns
[2023-11-12T19:36:42.997+0000][7][gc,marking  ] GC(12) Concurrent Cleanup for Next Mark
[2023-11-12T19:36:42.998+0000][7][gc,marking  ] GC(12) Concurrent Cleanup for Next Mark 0.802ms
[2023-11-12T19:36:42.998+0000][7][gc          ] GC(12) Concurrent Mark Cycle 96.113ms
[2023-11-12T19:36:44.363+0000][7][safepoint   ] Safepoint "ICBufferFull", Time since last: 1365797108 ns, Reaching safepoint: 203600 ns, At safepoint: 5900 ns, Total: 209500 ns
[2023-11-12T19:36:45.321+0000][7][gc,start    ] GC(13) Pause Young (Concurrent Start) (G1 Evacuation Pause)
[2023-11-12T19:36:45.321+0000][7][gc,task     ] GC(13) Using 4 workers of 4 for evacuation
[2023-11-12T19:36:45.321+0000][7][gc,age      ] GC(13) Desired survivor size 20971520 bytes, new threshold 1 (max threshold 15)
[2023-11-12T19:36:45.388+0000][7][gc,age      ] GC(13) Age table with threshold 1 (max threshold 15)
[2023-11-12T19:36:45.388+0000][7][gc,age      ] GC(13) - age   1:    6129208 bytes,    6129208 total
[2023-11-12T19:36:45.388+0000][7][gc,phases   ] GC(13)   Pre Evacuate Collection Set: 0.1ms
[2023-11-12T19:36:45.388+0000][7][gc,phases   ] GC(13)   Merge Heap Roots: 0.2ms
[2023-11-12T19:36:45.388+0000][7][gc,phases   ] GC(13)   Evacuate Collection Set: 64.1ms
[2023-11-12T19:36:45.388+0000][7][gc,phases   ] GC(13)   Post Evacuate Collection Set: 1.5ms
[2023-11-12T19:36:45.388+0000][7][gc,phases   ] GC(13)   Other: 0.9ms
[2023-11-12T19:36:45.388+0000][7][gc,heap     ] GC(13) Eden regions: 66->0(73)
[2023-11-12T19:36:45.388+0000][7][gc,heap     ] GC(13) Survivor regions: 10->3(10)
[2023-11-12T19:36:45.389+0000][7][gc,heap     ] GC(13) Old regions: 4->15
[2023-11-12T19:36:45.389+0000][7][gc,heap     ] GC(13) Archive regions: 2->2
[2023-11-12T19:36:45.389+0000][7][gc,heap     ] GC(13) Humongous regions: 0->0
[2023-11-12T19:36:45.389+0000][7][gc,metaspace] GC(13) Metaspace: 51380K(52480K)->51380K(52480K) NonClass: 44579K(45248K)->44579K(45248K) Class: 6801K(7232K)->6801K(7232K)
[2023-11-12T19:36:45.389+0000][7][gc          ] GC(13) Pause Young (Concurrent Start) (G1 Evacuation Pause) 323M->70M(512M) 68.034ms
[2023-11-12T19:36:45.389+0000][7][gc,cpu      ] GC(13) User=0.19s Sys=0.00s Real=0.06s
[2023-11-12T19:36:45.390+0000][7][safepoint   ] Safepoint "G1CollectForAllocation", Time since last: 957585705 ns, Reaching safepoint: 168800 ns, At safepoint: 68498701 ns, Total: 68667501 ns
[2023-11-12T19:36:45.390+0000][7][gc          ] GC(14) Concurrent Mark Cycle
[2023-11-12T19:36:45.391+0000][7][gc,marking  ] GC(14) Concurrent Clear Claimed Marks
[2023-11-12T19:36:45.391+0000][7][gc,marking  ] GC(14) Concurrent Clear Claimed Marks 0.087ms
[2023-11-12T19:36:45.391+0000][7][gc,marking  ] GC(14) Concurrent Scan Root Regions
[2023-11-12T19:36:45.452+0000][7][gc,marking  ] GC(14) Concurrent Scan Root Regions 60.255ms
[2023-11-12T19:36:45.452+0000][7][gc,marking  ] GC(14) Concurrent Mark
[2023-11-12T19:36:45.452+0000][7][gc,marking  ] GC(14) Concurrent Mark From Roots
[2023-11-12T19:36:45.452+0000][7][gc,task     ] GC(14) Using 1 workers of 1 for marking
[2023-11-12T19:36:45.491+0000][7][gc,marking  ] GC(14) Concurrent Mark From Roots 39.337ms
[2023-11-12T19:36:45.491+0000][7][gc,marking  ] GC(14) Concurrent Preclean
[2023-11-12T19:36:45.491+0000][7][gc,marking  ] GC(14) Concurrent Preclean 0.157ms
[2023-11-12T19:36:45.492+0000][7][gc,start    ] GC(14) Pause Remark
[2023-11-12T19:36:45.499+0000][7][gc          ] GC(14) Pause Remark 86M->86M(512M) 7.235ms
[2023-11-12T19:36:45.499+0000][7][gc,cpu      ] GC(14) User=0.02s Sys=0.00s Real=0.00s
[2023-11-12T19:36:45.499+0000][7][safepoint   ] Safepoint "G1Concurrent", Time since last: 101942800 ns, Reaching safepoint: 167900 ns, At safepoint: 7401601 ns, Total: 7569501 ns
[2023-11-12T19:36:45.499+0000][7][gc,marking  ] GC(14) Concurrent Mark 47.330ms
[2023-11-12T19:36:45.499+0000][7][gc,marking  ] GC(14) Concurrent Rebuild Remembered Sets
[2023-11-12T19:36:45.618+0000][7][gc,marking  ] GC(14) Concurrent Rebuild Remembered Sets 118.594ms
[2023-11-12T19:36:45.618+0000][7][gc,start    ] GC(14) Pause Cleanup
[2023-11-12T19:36:45.618+0000][7][gc          ] GC(14) Pause Cleanup 102M->102M(512M) 0.228ms
[2023-11-12T19:36:45.618+0000][7][gc,cpu      ] GC(14) User=0.00s Sys=0.00s Real=0.00s
[2023-11-12T19:36:45.618+0000][7][safepoint   ] Safepoint "G1Concurrent", Time since last: 118768700 ns, Reaching safepoint: 186100 ns, At safepoint: 360800 ns, Total: 546900 ns
[2023-11-12T19:36:45.618+0000][7][gc,marking  ] GC(14) Concurrent Cleanup for Next Mark
[2023-11-12T19:36:45.619+0000][7][gc,marking  ] GC(14) Concurrent Cleanup for Next Mark 0.870ms
[2023-11-12T19:36:45.619+0000][7][gc          ] GC(14) Concurrent Mark Cycle 229.769ms
[2023-11-12T19:36:47.313+0000][7][safepoint   ] Safepoint "Cleanup", Time since last: 1694222909 ns, Reaching safepoint: 447400 ns, At safepoint: 45000 ns, Total: 492400 ns
[2023-11-12T19:36:48.314+0000][7][safepoint   ] Safepoint "Cleanup", Time since last: 1000183304 ns, Reaching safepoint: 390400 ns, At safepoint: 40400 ns, Total: 430800 ns
[2023-11-12T19:36:49.494+0000][7][safepoint   ] Safepoint "Cleanup", Time since last: 1179039806 ns, Reaching safepoint: 1261000 ns, At safepoint: 39300 ns, Total: 1300300 ns
[2023-11-12T19:36:50.282+0000][7][gc,start    ] GC(15) Pause Young (Normal) (G1 Evacuation Pause)
[2023-11-12T19:36:50.282+0000][7][gc,task     ] GC(15) Using 4 workers of 4 for evacuation
[2023-11-12T19:36:50.282+0000][7][gc,age      ] GC(15) Desired survivor size 20971520 bytes, new threshold 15 (max threshold 15)
[2023-11-12T19:36:50.304+0000][7][gc,age      ] GC(15) Age table with threshold 15 (max threshold 15)
[2023-11-12T19:36:50.304+0000][7][gc,age      ] GC(15) - age   1:   11308736 bytes,   11308736 total
[2023-11-12T19:36:50.304+0000][7][gc,age      ] GC(15) - age   2:    5968480 bytes,   17277216 total
[2023-11-12T19:36:50.305+0000][7][gc,phases   ] GC(15)   Pre Evacuate Collection Set: 0.1ms
[2023-11-12T19:36:50.305+0000][7][gc,phases   ] GC(15)   Merge Heap Roots: 0.1ms
[2023-11-12T19:36:50.305+0000][7][gc,phases   ] GC(15)   Evacuate Collection Set: 20.0ms
[2023-11-12T19:36:50.305+0000][7][gc,phases   ] GC(15)   Post Evacuate Collection Set: 2.2ms
[2023-11-12T19:36:50.305+0000][7][gc,phases   ] GC(15)   Other: 0.4ms
[2023-11-12T19:36:50.305+0000][7][gc,heap     ] GC(15) Eden regions: 73->0(71)
[2023-11-12T19:36:50.305+0000][7][gc,heap     ] GC(15) Survivor regions: 3->5(10)
[2023-11-12T19:36:50.305+0000][7][gc,heap     ] GC(15) Old regions: 15->15
[2023-11-12T19:36:50.305+0000][7][gc,heap     ] GC(15) Archive regions: 2->2
[2023-11-12T19:36:50.305+0000][7][gc,heap     ] GC(15) Humongous regions: 0->0
[2023-11-12T19:36:50.305+0000][7][gc,metaspace] GC(15) Metaspace: 74463K(75776K)->74463K(75776K) NonClass: 64390K(65152K)->64390K(65152K) Class: 10072K(10624K)->10072K(10624K)
[2023-11-12T19:36:50.305+0000][7][gc          ] GC(15) Pause Young (Normal) (G1 Evacuation Pause) 362M->79M(512M) 23.088ms
[2023-11-12T19:36:50.305+0000][7][gc,cpu      ] GC(15) User=0.09s Sys=0.00s Real=0.02s
[2023-11-12T19:36:50.305+0000][7][safepoint   ] Safepoint "G1CollectForAllocation", Time since last: 787312004 ns, Reaching safepoint: 180400 ns, At safepoint: 23244400 ns, Total: 23424800 ns
[2023-11-12T19:36:50.978+0000][7][safepoint   ] Safepoint "ICBufferFull", Time since last: 672928204 ns, Reaching safepoint: 523400 ns, At safepoint: 29700 ns, Total: 553100 ns
[2023-11-12T19:36:52.040+0000][7][safepoint   ] Safepoint "ICBufferFull", Time since last: 1061112005 ns, Reaching safepoint: 267000 ns, At safepoint: 10200 ns, Total: 277200 ns
[2023-11-12T19:36:52.084+0000][7][gc,start    ] GC(16) Pause Young (Concurrent Start) (Metadata GC Threshold)
[2023-11-12T19:36:52.084+0000][7][gc,task     ] GC(16) Using 4 workers of 4 for evacuation
[2023-11-12T19:36:52.084+0000][7][gc,age      ] GC(16) Desired survivor size 20971520 bytes, new threshold 15 (max threshold 15)
[2023-11-12T19:36:52.116+0000][7][gc,age      ] GC(16) Age table with threshold 15 (max threshold 15)
[2023-11-12T19:36:52.116+0000][7][gc,age      ] GC(16) - age   1:    5147696 bytes,    5147696 total
[2023-11-12T19:36:52.116+0000][7][gc,age      ] GC(16) - age   2:   10967320 bytes,   16115016 total
[2023-11-12T19:36:52.116+0000][7][gc,age      ] GC(16) - age   3:    5946784 bytes,   22061800 total
[2023-11-12T19:36:52.116+0000][7][gc,phases   ] GC(16)   Pre Evacuate Collection Set: 0.2ms
[2023-11-12T19:36:52.116+0000][7][gc,phases   ] GC(16)   Merge Heap Roots: 0.2ms
[2023-11-12T19:36:52.116+0000][7][gc,phases   ] GC(16)   Evacuate Collection Set: 29.2ms
[2023-11-12T19:36:52.116+0000][7][gc,phases   ] GC(16)   Post Evacuate Collection Set: 2.3ms
[2023-11-12T19:36:52.116+0000][7][gc,phases   ] GC(16)   Other: 0.5ms
[2023-11-12T19:36:52.116+0000][7][gc,heap     ] GC(16) Eden regions: 20->0(70)
[2023-11-12T19:36:52.116+0000][7][gc,heap     ] GC(16) Survivor regions: 5->6(10)
[2023-11-12T19:36:52.116+0000][7][gc,heap     ] GC(16) Old regions: 15->15
[2023-11-12T19:36:52.116+0000][7][gc,heap     ] GC(16) Archive regions: 2->2
[2023-11-12T19:36:52.116+0000][7][gc,heap     ] GC(16) Humongous regions: 0->0
[2023-11-12T19:36:52.116+0000][7][gc,metaspace] GC(16) Metaspace: 86165K(87488K)->86165K(87488K) NonClass: 74450K(75200K)->74450K(75200K) Class: 11714K(12288K)->11714K(12288K)
[2023-11-12T19:36:52.116+0000][7][gc          ] GC(16) Pause Young (Concurrent Start) (Metadata GC Threshold) 157M->83M(512M) 32.457ms
[2023-11-12T19:36:52.116+0000][7][gc,cpu      ] GC(16) User=0.13s Sys=0.00s Real=0.03s
[2023-11-12T19:36:52.116+0000][7][gc          ] GC(17) Concurrent Mark Cycle
[2023-11-12T19:36:52.116+0000][7][gc,marking  ] GC(17) Concurrent Clear Claimed Marks
[2023-11-12T19:36:52.116+0000][7][gc,marking  ] GC(17) Concurrent Clear Claimed Marks 0.081ms
[2023-11-12T19:36:52.116+0000][7][safepoint   ] Safepoint "CollectForMetadataAllocation", Time since last: 43853900 ns, Reaching safepoint: 174900 ns, At safepoint: 32701100 ns, Total: 32876000 ns
[2023-11-12T19:36:52.116+0000][7][gc,marking  ] GC(17) Concurrent Scan Root Regions
[2023-11-12T19:36:52.143+0000][7][gc,marking  ] GC(17) Concurrent Scan Root Regions 26.148ms
[2023-11-12T19:36:52.143+0000][7][gc,marking  ] GC(17) Concurrent Mark
[2023-11-12T19:36:52.143+0000][7][gc,marking  ] GC(17) Concurrent Mark From Roots
[2023-11-12T19:36:52.143+0000][7][gc,task     ] GC(17) Using 1 workers of 1 for marking
[2023-11-12T19:36:52.267+0000][7][gc,marking  ] GC(17) Concurrent Mark From Roots 124.618ms
[2023-11-12T19:36:52.267+0000][7][gc,marking  ] GC(17) Concurrent Preclean
[2023-11-12T19:36:52.268+0000][7][gc,marking  ] GC(17) Concurrent Preclean 0.182ms
[2023-11-12T19:36:52.268+0000][7][gc,start    ] GC(17) Pause Remark
[2023-11-12T19:36:52.272+0000][7][gc          ] GC(17) Pause Remark 86M->86M(512M) 4.492ms
[2023-11-12T19:36:52.272+0000][7][gc,cpu      ] GC(17) User=0.02s Sys=0.00s Real=0.01s
[2023-11-12T19:36:52.272+0000][7][safepoint   ] Safepoint "G1Concurrent", Time since last: 151259301 ns, Reaching safepoint: 110800 ns, At safepoint: 4603900 ns, Total: 4714700 ns
[2023-11-12T19:36:52.272+0000][7][gc,marking  ] GC(17) Concurrent Mark 129.768ms
[2023-11-12T19:36:52.272+0000][7][gc,marking  ] GC(17) Concurrent Rebuild Remembered Sets
[2023-11-12T19:36:52.346+0000][7][gc,marking  ] GC(17) Concurrent Rebuild Remembered Sets 73.117ms
[2023-11-12T19:36:52.346+0000][7][gc,start    ] GC(17) Pause Cleanup
[2023-11-12T19:36:52.346+0000][7][gc          ] GC(17) Pause Cleanup 89M->89M(512M) 0.162ms
[2023-11-12T19:36:52.346+0000][7][gc,cpu      ] GC(17) User=0.00s Sys=0.00s Real=0.00s
[2023-11-12T19:36:52.346+0000][7][safepoint   ] Safepoint "G1Concurrent", Time since last: 73325000 ns, Reaching safepoint: 266300 ns, At safepoint: 301500 ns, Total: 567800 ns
[2023-11-12T19:36:52.346+0000][7][gc,marking  ] GC(17) Concurrent Cleanup for Next Mark
[2023-11-12T19:36:52.347+0000][7][gc,marking  ] GC(17) Concurrent Cleanup for Next Mark 1.040ms
[2023-11-12T19:36:52.348+0000][7][gc          ] GC(17) Concurrent Mark Cycle 231.336ms
[2023-11-12T19:36:53.091+0000][7][safepoint   ] Safepoint "ICBufferFull", Time since last: 744292804 ns, Reaching safepoint: 329000 ns, At safepoint: 37600 ns, Total: 366600 ns
[2023-11-12T19:36:53.723+0000][7][safepoint   ] Safepoint "ICBufferFull", Time since last: 631817603 ns, Reaching safepoint: 302600 ns, At safepoint: 58200 ns, Total: 360800 ns
[2023-11-12T19:36:54.119+0000][7][safepoint   ] Safepoint "ICBufferFull", Time since last: 395873101 ns, Reaching safepoint: 226000 ns, At safepoint: 9800 ns, Total: 235800 ns
[2023-11-12T19:36:54.120+0000][7][safepoint   ] Safepoint "ICBufferFull", Time since last: 138900 ns, Reaching safepoint: 151000 ns, At safepoint: 31300 ns, Total: 182300 ns
[2023-11-12T19:36:54.455+0000][7][safepoint   ] Safepoint "ICBufferFull", Time since last: 335626501 ns, Reaching safepoint: 205000 ns, At safepoint: 32200 ns, Total: 237200 ns
[2023-11-12T19:36:55.112+0000][7][safepoint   ] Safepoint "ICBufferFull", Time since last: 656835103 ns, Reaching safepoint: 231700 ns, At safepoint: 11800 ns, Total: 243500 ns
[2023-11-12T19:36:55.659+0000][7][safepoint   ] Safepoint "ICBufferFull", Time since last: 546216601 ns, Reaching safepoint: 295900 ns, At safepoint: 46600 ns, Total: 342500 ns
[2023-11-12T19:36:56.660+0000][7][safepoint   ] Safepoint "Cleanup", Time since last: 1000212004 ns, Reaching safepoint: 319100 ns, At safepoint: 17200 ns, Total: 336300 ns
[2023-11-12T19:36:57.660+0000][7][safepoint   ] Safepoint "Cleanup", Time since last: 1000446403 ns, Reaching safepoint: 341200 ns, At safepoint: 71800 ns, Total: 413000 ns
[2023-11-12T19:36:58.662+0000][7][safepoint   ] Safepoint "Cleanup", Time since last: 1000544703 ns, Reaching safepoint: 541500 ns, At safepoint: 19500 ns, Total: 561000 ns
[2023-11-12T19:37:01.823+0000][7][gc,heap,exit] Heap
[2023-11-12T19:37:01.823+0000][7][gc,heap,exit]  garbage-first heap   total 524288K, used 307344K [0x00000000e0000000, 0x0000000100000000)
[2023-11-12T19:37:01.823+0000][7][gc,heap,exit]   region size 4096K, 59 young (241664K), 6 survivors (24576K)
[2023-11-12T19:37:01.823+0000][7][gc,heap,exit]  Metaspace       used 96095K, committed 97536K, reserved 1138688K
[2023-11-12T19:37:01.823+0000][7][gc,heap,exit]   class space    used 13041K, committed 13632K, reserved 1048576K
