[2023-11-12T19:41:02.292+0000][8][gc] Using G1
[2023-11-12T19:41:02.449+0000][8][gc,init] Version: 16+36 (release)
[2023-11-12T19:41:02.449+0000][8][gc,init] CPUs: 4 total, 4 available
[2023-11-12T19:41:02.449+0000][8][gc,init] Memory: 7886M
[2023-11-12T19:41:02.449+0000][8][gc,init] Large Page Support: Disabled
[2023-11-12T19:41:02.449+0000][8][gc,init] NUMA Support: Disabled
[2023-11-12T19:41:02.449+0000][8][gc,init] Compressed Oops: Enabled (32-bit)
[2023-11-12T19:41:02.449+0000][8][gc,init] Heap Region Size: 4M
[2023-11-12T19:41:02.449+0000][8][gc,init] Heap Min Capacity: 512M
[2023-11-12T19:41:02.449+0000][8][gc,init] Heap Initial Capacity: 512M
[2023-11-12T19:41:02.449+0000][8][gc,init] Heap Max Capacity: 512M
[2023-11-12T19:41:02.449+0000][8][gc,init] Pre-touch: Enabled
[2023-11-12T19:41:02.449+0000][8][gc,init] Parallel Workers: 4
[2023-11-12T19:41:02.449+0000][8][gc,init] Concurrent Workers: 1
[2023-11-12T19:41:02.449+0000][8][gc,init] Concurrent Refinement Workers: 4
[2023-11-12T19:41:02.449+0000][8][gc,init] Periodic GC: Disabled
[2023-11-12T19:41:02.450+0000][8][gc,metaspace] CDS archive(s) mapped at: [0x0000000800000000-0x0000000800bea000-0x0000000800bea000), size 12492800, SharedBaseAddress: 0x0000000800000000, ArchiveRelocationMode: 0.
[2023-11-12T19:41:02.450+0000][8][gc,metaspace] Compressed class space mapped at: 0x0000000800c00000-0x0000000840c00000, reserved size: 1073741824
[2023-11-12T19:41:02.450+0000][8][gc,metaspace] Narrow klass base: 0x0000000800000000, Narrow klass shift: 3, Narrow klass range: 0x100000000
[2023-11-12T19:41:03.072+0000][8][safepoint   ] Safepoint "ICBufferFull", Time since last: 611146781 ns, Reaching safepoint: 271500 ns, At safepoint: 56600 ns, Total: 328100 ns
[2023-11-12T19:41:03.482+0000][8][gc,start    ] GC(0) Pause Young (Normal) (G1 Evacuation Pause)
[2023-11-12T19:41:03.482+0000][8][gc,task     ] GC(0) Using 4 workers of 4 for evacuation
[2023-11-12T19:41:03.482+0000][8][gc,age      ] GC(0) Desired survivor size 2097152 bytes, new threshold 15 (max threshold 15)
[2023-11-12T19:41:03.491+0000][8][gc,age      ] GC(0) Age table with threshold 15 (max threshold 15)
[2023-11-12T19:41:03.491+0000][8][gc,age      ] GC(0) - age   1:    4182392 bytes,    4182392 total
[2023-11-12T19:41:03.491+0000][8][gc,phases   ] GC(0)   Pre Evacuate Collection Set: 0.1ms
[2023-11-12T19:41:03.491+0000][8][gc,phases   ] GC(0)   Merge Heap Roots: 0.1ms
[2023-11-12T19:41:03.491+0000][8][gc,phases   ] GC(0)   Evacuate Collection Set: 8.1ms
[2023-11-12T19:41:03.491+0000][8][gc,phases   ] GC(0)   Post Evacuate Collection Set: 0.7ms
[2023-11-12T19:41:03.491+0000][8][gc,phases   ] GC(0)   Other: 0.3ms
[2023-11-12T19:41:03.491+0000][8][gc,heap     ] GC(0) Eden regions: 6->0(5)
[2023-11-12T19:41:03.491+0000][8][gc,heap     ] GC(0) Survivor regions: 0->1(1)
[2023-11-12T19:41:03.491+0000][8][gc,heap     ] GC(0) Old regions: 0->1
[2023-11-12T19:41:03.491+0000][8][gc,heap     ] GC(0) Archive regions: 2->2
[2023-11-12T19:41:03.491+0000][8][gc,heap     ] GC(0) Humongous regions: 0->0
[2023-11-12T19:41:03.491+0000][8][gc,metaspace] GC(0) Metaspace: 8236K(8384K)->8236K(8384K) NonClass: 7323K(7424K)->7323K(7424K) Class: 912K(960K)->912K(960K)
[2023-11-12T19:41:03.491+0000][8][gc          ] GC(0) Pause Young (Normal) (G1 Evacuation Pause) 27M->8M(512M) 9.429ms
[2023-11-12T19:41:03.491+0000][8][gc,cpu      ] GC(0) User=0.02s Sys=0.00s Real=0.01s
[2023-11-12T19:41:03.491+0000][8][safepoint   ] Safepoint "G1CollectForAllocation", Time since last: 409501388 ns, Reaching safepoint: 140100 ns, At safepoint: 9608700 ns, Total: 9748800 ns
[2023-11-12T19:41:04.300+0000][8][gc,start    ] GC(1) Pause Young (Normal) (G1 Evacuation Pause)
[2023-11-12T19:41:04.300+0000][8][gc,task     ] GC(1) Using 4 workers of 4 for evacuation
[2023-11-12T19:41:04.300+0000][8][gc,age      ] GC(1) Desired survivor size 2097152 bytes, new threshold 1 (max threshold 15)
[2023-11-12T19:41:04.305+0000][8][gc,age      ] GC(1) Age table with threshold 1 (max threshold 15)
[2023-11-12T19:41:04.305+0000][8][gc,age      ] GC(1) - age   1:    1746472 bytes,    1746472 total
[2023-11-12T19:41:04.305+0000][8][gc,phases   ] GC(1)   Pre Evacuate Collection Set: 0.1ms
[2023-11-12T19:41:04.305+0000][8][gc,phases   ] GC(1)   Merge Heap Roots: 0.1ms
[2023-11-12T19:41:04.305+0000][8][gc,phases   ] GC(1)   Evacuate Collection Set: 4.7ms
[2023-11-12T19:41:04.305+0000][8][gc,phases   ] GC(1)   Post Evacuate Collection Set: 0.7ms
[2023-11-12T19:41:04.305+0000][8][gc,phases   ] GC(1)   Other: 0.2ms
[2023-11-12T19:41:04.305+0000][8][gc,heap     ] GC(1) Eden regions: 5->0(10)
[2023-11-12T19:41:04.305+0000][8][gc,heap     ] GC(1) Survivor regions: 1->1(1)
[2023-11-12T19:41:04.305+0000][8][gc,heap     ] GC(1) Old regions: 1->2
[2023-11-12T19:41:04.305+0000][8][gc,heap     ] GC(1) Archive regions: 2->2
[2023-11-12T19:41:04.305+0000][8][gc,heap     ] GC(1) Humongous regions: 0->0
[2023-11-12T19:41:04.305+0000][8][gc,metaspace] GC(1) Metaspace: 11831K(12032K)->11831K(12032K) NonClass: 10440K(10560K)->10440K(10560K) Class: 1391K(1472K)->1391K(1472K)
[2023-11-12T19:41:04.305+0000][8][gc          ] GC(1) Pause Young (Normal) (G1 Evacuation Pause) 28M->9M(512M) 5.912ms
[2023-11-12T19:41:04.305+0000][8][gc,cpu      ] GC(1) User=0.01s Sys=0.01s Real=0.01s
[2023-11-12T19:41:04.306+0000][8][safepoint   ] Safepoint "G1CollectForAllocation", Time since last: 808094975 ns, Reaching safepoint: 162300 ns, At safepoint: 6019400 ns, Total: 6181700 ns
[2023-11-12T19:41:04.997+0000][8][safepoint   ] Safepoint "ICBufferFull", Time since last: 691573879 ns, Reaching safepoint: 203400 ns, At safepoint: 27600 ns, Total: 231000 ns
[2023-11-12T19:41:05.071+0000][8][gc,start    ] GC(2) Pause Young (Normal) (G1 Evacuation Pause)
[2023-11-12T19:41:05.071+0000][8][gc,task     ] GC(2) Using 4 workers of 4 for evacuation
[2023-11-12T19:41:05.071+0000][8][gc,age      ] GC(2) Desired survivor size 4194304 bytes, new threshold 15 (max threshold 15)
[2023-11-12T19:41:05.080+0000][8][gc,age      ] GC(2) Age table with threshold 15 (max threshold 15)
[2023-11-12T19:41:05.080+0000][8][gc,age      ] GC(2) - age   1:    1374160 bytes,    1374160 total
[2023-11-12T19:41:05.080+0000][8][gc,age      ] GC(2) - age   2:    1673696 bytes,    3047856 total
[2023-11-12T19:41:05.080+0000][8][gc,phases   ] GC(2)   Pre Evacuate Collection Set: 0.1ms
[2023-11-12T19:41:05.080+0000][8][gc,phases   ] GC(2)   Merge Heap Roots: 0.1ms
[2023-11-12T19:41:05.080+0000][8][gc,phases   ] GC(2)   Evacuate Collection Set: 7.6ms
[2023-11-12T19:41:05.080+0000][8][gc,phases   ] GC(2)   Post Evacuate Collection Set: 0.9ms
[2023-11-12T19:41:05.080+0000][8][gc,phases   ] GC(2)   Other: 0.3ms
[2023-11-12T19:41:05.080+0000][8][gc,heap     ] GC(2) Eden regions: 10->0(25)
[2023-11-12T19:41:05.080+0000][8][gc,heap     ] GC(2) Survivor regions: 1->1(2)
[2023-11-12T19:41:05.080+0000][8][gc,heap     ] GC(2) Old regions: 2->2
[2023-11-12T19:41:05.080+0000][8][gc,heap     ] GC(2) Archive regions: 2->2
[2023-11-12T19:41:05.080+0000][8][gc,heap     ] GC(2) Humongous regions: 0->0
[2023-11-12T19:41:05.080+0000][8][gc,metaspace] GC(2) Metaspace: 14554K(14848K)->14554K(14848K) NonClass: 12907K(13056K)->12907K(13056K) Class: 1646K(1792K)->1646K(1792K)
[2023-11-12T19:41:05.080+0000][8][gc          ] GC(2) Pause Young (Normal) (G1 Evacuation Pause) 49M->11M(512M) 8.984ms
[2023-11-12T19:41:05.080+0000][8][gc,cpu      ] GC(2) User=0.02s Sys=0.00s Real=0.00s
[2023-11-12T19:41:05.080+0000][8][safepoint   ] Safepoint "G1CollectForAllocation", Time since last: 73309798 ns, Reaching safepoint: 80400 ns, At safepoint: 9084000 ns, Total: 9164400 ns
[2023-11-12T19:41:05.397+0000][8][safepoint   ] Safepoint "ICBufferFull", Time since last: 317015890 ns, Reaching safepoint: 170900 ns, At safepoint: 9400 ns, Total: 180300 ns
[2023-11-12T19:41:05.412+0000][8][safepoint   ] Safepoint "ICBufferFull", Time since last: 15222799 ns, Reaching safepoint: 85100 ns, At safepoint: 7100 ns, Total: 92200 ns
[2023-11-12T19:41:05.423+0000][8][safepoint   ] Safepoint "ICBufferFull", Time since last: 10762300 ns, Reaching safepoint: 89700 ns, At safepoint: 6700 ns, Total: 96400 ns
[2023-11-12T19:41:05.434+0000][8][safepoint   ] Safepoint "ICBufferFull", Time since last: 10171300 ns, Reaching safepoint: 314100 ns, At safepoint: 11800 ns, Total: 325900 ns
[2023-11-12T19:41:05.444+0000][8][safepoint   ] Safepoint "ICBufferFull", Time since last: 10008400 ns, Reaching safepoint: 73699 ns, At safepoint: 6800 ns, Total: 80499 ns
[2023-11-12T19:41:05.449+0000][8][safepoint   ] Safepoint "ICBufferFull", Time since last: 4757600 ns, Reaching safepoint: 122000 ns, At safepoint: 32400 ns, Total: 154400 ns
[2023-11-12T19:41:05.453+0000][8][safepoint   ] Safepoint "ICBufferFull", Time since last: 3933000 ns, Reaching safepoint: 96200 ns, At safepoint: 6200 ns, Total: 102400 ns
[2023-11-12T19:41:05.456+0000][8][safepoint   ] Safepoint "ICBufferFull", Time since last: 3496400 ns, Reaching safepoint: 90500 ns, At safepoint: 5400 ns, Total: 95900 ns
[2023-11-12T19:41:05.460+0000][8][safepoint   ] Safepoint "ICBufferFull", Time since last: 4099600 ns, Reaching safepoint: 82200 ns, At safepoint: 4400 ns, Total: 86600 ns
[2023-11-12T19:41:05.465+0000][8][safepoint   ] Safepoint "ICBufferFull", Time since last: 4378400 ns, Reaching safepoint: 121700 ns, At safepoint: 27800 ns, Total: 149500 ns
[2023-11-12T19:41:05.468+0000][8][safepoint   ] Safepoint "ICBufferFull", Time since last: 3150700 ns, Reaching safepoint: 85100 ns, At safepoint: 7400 ns, Total: 92500 ns
[2023-11-12T19:41:05.473+0000][8][safepoint   ] Safepoint "ICBufferFull", Time since last: 4502900 ns, Reaching safepoint: 115900 ns, At safepoint: 4400 ns, Total: 120300 ns
[2023-11-12T19:41:05.477+0000][8][safepoint   ] Safepoint "ICBufferFull", Time since last: 3742700 ns, Reaching safepoint: 116000 ns, At safepoint: 6100 ns, Total: 122100 ns
[2023-11-12T19:41:05.482+0000][8][safepoint   ] Safepoint "ICBufferFull", Time since last: 5148499 ns, Reaching safepoint: 103800 ns, At safepoint: 4800 ns, Total: 108600 ns
[2023-11-12T19:41:05.485+0000][8][safepoint   ] Safepoint "ICBufferFull", Time since last: 2611000 ns, Reaching safepoint: 143200 ns, At safepoint: 4900 ns, Total: 148100 ns
[2023-11-12T19:41:05.488+0000][8][safepoint   ] Safepoint "ICBufferFull", Time since last: 3209600 ns, Reaching safepoint: 96200 ns, At safepoint: 4300 ns, Total: 100500 ns
[2023-11-12T19:41:05.491+0000][8][safepoint   ] Safepoint "ICBufferFull", Time since last: 2682400 ns, Reaching safepoint: 127400 ns, At safepoint: 4900 ns, Total: 132300 ns
[2023-11-12T19:41:05.495+0000][8][safepoint   ] Safepoint "ICBufferFull", Time since last: 4181600 ns, Reaching safepoint: 84100 ns, At safepoint: 7300 ns, Total: 91400 ns
[2023-11-12T19:41:05.502+0000][8][safepoint   ] Safepoint "ICBufferFull", Time since last: 6679700 ns, Reaching safepoint: 70600 ns, At safepoint: 4600 ns, Total: 75200 ns
[2023-11-12T19:41:05.504+0000][8][safepoint   ] Safepoint "ICBufferFull", Time since last: 2007000 ns, Reaching safepoint: 73100 ns, At safepoint: 32600 ns, Total: 105700 ns
[2023-11-12T19:41:05.506+0000][8][safepoint   ] Safepoint "ICBufferFull", Time since last: 1570100 ns, Reaching safepoint: 69500 ns, At safepoint: 4400 ns, Total: 73900 ns
[2023-11-12T19:41:05.507+0000][8][safepoint   ] Safepoint "ICBufferFull", Time since last: 942800 ns, Reaching safepoint: 60600 ns, At safepoint: 3800 ns, Total: 64400 ns
[2023-11-12T19:41:05.508+0000][8][safepoint   ] Safepoint "ICBufferFull", Time since last: 1013700 ns, Reaching safepoint: 62500 ns, At safepoint: 4700 ns, Total: 67200 ns
[2023-11-12T19:41:05.509+0000][8][safepoint   ] Safepoint "ICBufferFull", Time since last: 928100 ns, Reaching safepoint: 105800 ns, At safepoint: 4300 ns, Total: 110100 ns
[2023-11-12T19:41:05.510+0000][8][safepoint   ] Safepoint "ICBufferFull", Time since last: 1579899 ns, Reaching safepoint: 122000 ns, At safepoint: 6400 ns, Total: 128400 ns
[2023-11-12T19:41:05.512+0000][8][safepoint   ] Safepoint "ICBufferFull", Time since last: 1170700 ns, Reaching safepoint: 115000 ns, At safepoint: 5400 ns, Total: 120400 ns
[2023-11-12T19:41:05.513+0000][8][safepoint   ] Safepoint "ICBufferFull", Time since last: 1023200 ns, Reaching safepoint: 111300 ns, At safepoint: 4800 ns, Total: 116100 ns
[2023-11-12T19:41:05.514+0000][8][safepoint   ] Safepoint "ICBufferFull", Time since last: 1149600 ns, Reaching safepoint: 116700 ns, At safepoint: 5800 ns, Total: 122500 ns
[2023-11-12T19:41:05.515+0000][8][safepoint   ] Safepoint "ICBufferFull", Time since last: 960000 ns, Reaching safepoint: 115800 ns, At safepoint: 5300 ns, Total: 121100 ns
[2023-11-12T19:41:05.517+0000][8][safepoint   ] Safepoint "ICBufferFull", Time since last: 1153000 ns, Reaching safepoint: 147700 ns, At safepoint: 6500 ns, Total: 154200 ns
[2023-11-12T19:41:05.518+0000][8][safepoint   ] Safepoint "ICBufferFull", Time since last: 902700 ns, Reaching safepoint: 128400 ns, At safepoint: 5000 ns, Total: 133400 ns
[2023-11-12T19:41:05.519+0000][8][safepoint   ] Safepoint "ICBufferFull", Time since last: 1247700 ns, Reaching safepoint: 67400 ns, At safepoint: 5500 ns, Total: 72900 ns
[2023-11-12T19:41:05.520+0000][8][safepoint   ] Safepoint "ICBufferFull", Time since last: 1072200 ns, Reaching safepoint: 113400 ns, At safepoint: 4900 ns, Total: 118300 ns
[2023-11-12T19:41:05.521+0000][8][safepoint   ] Safepoint "ICBufferFull", Time since last: 989700 ns, Reaching safepoint: 109400 ns, At safepoint: 6000 ns, Total: 115400 ns
[2023-11-12T19:41:05.522+0000][8][safepoint   ] Safepoint "ICBufferFull", Time since last: 921900 ns, Reaching safepoint: 115800 ns, At safepoint: 5400 ns, Total: 121200 ns
[2023-11-12T19:41:05.523+0000][8][safepoint   ] Safepoint "ICBufferFull", Time since last: 996200 ns, Reaching safepoint: 104800 ns, At safepoint: 7200 ns, Total: 112000 ns
[2023-11-12T19:41:05.529+0000][8][safepoint   ] Safepoint "ICBufferFull", Time since last: 5512800 ns, Reaching safepoint: 75500 ns, At safepoint: 5300 ns, Total: 80800 ns
[2023-11-12T19:41:05.537+0000][8][safepoint   ] Safepoint "ICBufferFull", Time since last: 7860400 ns, Reaching safepoint: 132000 ns, At safepoint: 5900 ns, Total: 137900 ns
[2023-11-12T19:41:05.543+0000][8][safepoint   ] Safepoint "ICBufferFull", Time since last: 5714400 ns, Reaching safepoint: 94000 ns, At safepoint: 35000 ns, Total: 129000 ns
[2023-11-12T19:41:05.545+0000][8][safepoint   ] Safepoint "ICBufferFull", Time since last: 1657699 ns, Reaching safepoint: 173700 ns, At safepoint: 30900 ns, Total: 204600 ns
[2023-11-12T19:41:05.595+0000][8][safepoint   ] Safepoint "ICBufferFull", Time since last: 50357799 ns, Reaching safepoint: 156900 ns, At safepoint: 8400 ns, Total: 165300 ns
[2023-11-12T19:41:05.596+0000][8][safepoint   ] Safepoint "ICBufferFull", Time since last: 1098500 ns, Reaching safepoint: 120500 ns, At safepoint: 8400 ns, Total: 128900 ns
[2023-11-12T19:41:05.598+0000][8][safepoint   ] Safepoint "ICBufferFull", Time since last: 1578600 ns, Reaching safepoint: 116900 ns, At safepoint: 5600 ns, Total: 122500 ns
[2023-11-12T19:41:05.599+0000][8][safepoint   ] Safepoint "ICBufferFull", Time since last: 1021800 ns, Reaching safepoint: 108200 ns, At safepoint: 4900 ns, Total: 113100 ns
[2023-11-12T19:41:05.600+0000][8][safepoint   ] Safepoint "ICBufferFull", Time since last: 989300 ns, Reaching safepoint: 119300 ns, At safepoint: 5200 ns, Total: 124500 ns
[2023-11-12T19:41:05.601+0000][8][safepoint   ] Safepoint "ICBufferFull", Time since last: 922200 ns, Reaching safepoint: 165100 ns, At safepoint: 5500 ns, Total: 170600 ns
[2023-11-12T19:41:05.603+0000][8][safepoint   ] Safepoint "ICBufferFull", Time since last: 889100 ns, Reaching safepoint: 118100 ns, At safepoint: 25800 ns, Total: 143900 ns
[2023-11-12T19:41:05.604+0000][8][safepoint   ] Safepoint "ICBufferFull", Time since last: 888000 ns, Reaching safepoint: 178400 ns, At safepoint: 6700 ns, Total: 185100 ns
[2023-11-12T19:41:05.605+0000][8][safepoint   ] Safepoint "ICBufferFull", Time since last: 1112400 ns, Reaching safepoint: 112000 ns, At safepoint: 4400 ns, Total: 116400 ns
[2023-11-12T19:41:05.606+0000][8][safepoint   ] Safepoint "ICBufferFull", Time since last: 995100 ns, Reaching safepoint: 279000 ns, At safepoint: 32900 ns, Total: 311900 ns
[2023-11-12T19:41:05.607+0000][8][safepoint   ] Safepoint "ICBufferFull", Time since last: 893300 ns, Reaching safepoint: 203400 ns, At safepoint: 24300 ns, Total: 227700 ns
[2023-11-12T19:41:05.609+0000][8][safepoint   ] Safepoint "ICBufferFull", Time since last: 1324600 ns, Reaching safepoint: 129100 ns, At safepoint: 23500 ns, Total: 152600 ns
[2023-11-12T19:41:05.610+0000][8][safepoint   ] Safepoint "ICBufferFull", Time since last: 1162299 ns, Reaching safepoint: 194900 ns, At safepoint: 27200 ns, Total: 222100 ns
[2023-11-12T19:41:05.611+0000][8][safepoint   ] Safepoint "ICBufferFull", Time since last: 948500 ns, Reaching safepoint: 111500 ns, At safepoint: 32600 ns, Total: 144100 ns
[2023-11-12T19:41:05.612+0000][8][safepoint   ] Safepoint "ICBufferFull", Time since last: 867700 ns, Reaching safepoint: 116900 ns, At safepoint: 4600 ns, Total: 121500 ns
[2023-11-12T19:41:05.613+0000][8][safepoint   ] Safepoint "ICBufferFull", Time since last: 880900 ns, Reaching safepoint: 101000 ns, At safepoint: 4700 ns, Total: 105700 ns
[2023-11-12T19:41:05.615+0000][8][safepoint   ] Safepoint "ICBufferFull", Time since last: 1329400 ns, Reaching safepoint: 79400 ns, At safepoint: 4100 ns, Total: 83500 ns
[2023-11-12T19:41:05.616+0000][8][safepoint   ] Safepoint "ICBufferFull", Time since last: 1352600 ns, Reaching safepoint: 116200 ns, At safepoint: 4900 ns, Total: 121100 ns
[2023-11-12T19:41:05.619+0000][8][safepoint   ] Safepoint "ICBufferFull", Time since last: 2690000 ns, Reaching safepoint: 140200 ns, At safepoint: 25800 ns, Total: 166000 ns
[2023-11-12T19:41:05.620+0000][8][safepoint   ] Safepoint "ICBufferFull", Time since last: 1154600 ns, Reaching safepoint: 124400 ns, At safepoint: 8600 ns, Total: 133000 ns
[2023-11-12T19:41:05.863+0000][8][gc,start    ] GC(3) Pause Young (Normal) (G1 Evacuation Pause)
[2023-11-12T19:41:05.863+0000][8][gc,task     ] GC(3) Using 4 workers of 4 for evacuation
[2023-11-12T19:41:05.863+0000][8][gc,age      ] GC(3) Desired survivor size 8388608 bytes, new threshold 15 (max threshold 15)
[2023-11-12T19:41:05.900+0000][8][gc,age      ] GC(3) Age table with threshold 15 (max threshold 15)
[2023-11-12T19:41:05.900+0000][8][gc,age      ] GC(3) - age   1:    1886744 bytes,    1886744 total
[2023-11-12T19:41:05.900+0000][8][gc,age      ] GC(3) - age   2:    1335184 bytes,    3221928 total
[2023-11-12T19:41:05.900+0000][8][gc,age      ] GC(3) - age   3:    1659552 bytes,    4881480 total
[2023-11-12T19:41:05.900+0000][8][gc,phases   ] GC(3)   Pre Evacuate Collection Set: 0.2ms
[2023-11-12T19:41:05.900+0000][8][gc,phases   ] GC(3)   Merge Heap Roots: 0.1ms
[2023-11-12T19:41:05.900+0000][8][gc,phases   ] GC(3)   Evacuate Collection Set: 35.2ms
[2023-11-12T19:41:05.900+0000][8][gc,phases   ] GC(3)   Post Evacuate Collection Set: 0.9ms
[2023-11-12T19:41:05.900+0000][8][gc,phases   ] GC(3)   Other: 0.3ms
[2023-11-12T19:41:05.900+0000][8][gc,heap     ] GC(3) Eden regions: 25->0(74)
[2023-11-12T19:41:05.900+0000][8][gc,heap     ] GC(3) Survivor regions: 1->2(4)
[2023-11-12T19:41:05.900+0000][8][gc,heap     ] GC(3) Old regions: 2->2
[2023-11-12T19:41:05.900+0000][8][gc,heap     ] GC(3) Archive regions: 2->2
[2023-11-12T19:41:05.900+0000][8][gc,heap     ] GC(3) Humongous regions: 0->0
[2023-11-12T19:41:05.900+0000][8][gc,metaspace] GC(3) Metaspace: 16595K(16768K)->16595K(16768K) NonClass: 14657K(14720K)->14657K(14720K) Class: 1937K(2048K)->1937K(2048K)
[2023-11-12T19:41:05.900+0000][8][gc          ] GC(3) Pause Young (Normal) (G1 Evacuation Pause) 111M->13M(512M) 36.932ms
[2023-11-12T19:41:05.900+0000][8][gc,cpu      ] GC(3) User=0.05s Sys=0.01s Real=0.05s
[2023-11-12T19:41:05.900+0000][8][safepoint   ] Safepoint "G1CollectForAllocation", Time since last: 242475893 ns, Reaching safepoint: 477500 ns, At safepoint: 37069399 ns, Total: 37546899 ns
[2023-11-12T19:41:05.964+0000][8][safepoint   ] Safepoint "ICBufferFull", Time since last: 63829298 ns, Reaching safepoint: 172300 ns, At safepoint: 7500 ns, Total: 179800 ns
[2023-11-12T19:41:05.977+0000][8][safepoint   ] Safepoint "ICBufferFull", Time since last: 12621199 ns, Reaching safepoint: 117100 ns, At safepoint: 8200 ns, Total: 125300 ns
[2023-11-12T19:41:05.978+0000][8][safepoint   ] Safepoint "ICBufferFull", Time since last: 1363400 ns, Reaching safepoint: 82600 ns, At safepoint: 4700 ns, Total: 87300 ns
[2023-11-12T19:41:05.980+0000][8][safepoint   ] Safepoint "ICBufferFull", Time since last: 1945500 ns, Reaching safepoint: 113400 ns, At safepoint: 7400 ns, Total: 120800 ns
[2023-11-12T19:41:05.982+0000][8][safepoint   ] Safepoint "ICBufferFull", Time since last: 1533800 ns, Reaching safepoint: 86600 ns, At safepoint: 6600 ns, Total: 93200 ns
[2023-11-12T19:41:05.993+0000][8][safepoint   ] Safepoint "ICBufferFull", Time since last: 10733800 ns, Reaching safepoint: 41900 ns, At safepoint: 4600 ns, Total: 46500 ns
[2023-11-12T19:41:05.994+0000][8][safepoint   ] Safepoint "ICBufferFull", Time since last: 1187200 ns, Reaching safepoint: 79900 ns, At safepoint: 4600 ns, Total: 84500 ns
[2023-11-12T19:41:05.995+0000][8][safepoint   ] Safepoint "ICBufferFull", Time since last: 1205000 ns, Reaching safepoint: 34300 ns, At safepoint: 4000 ns, Total: 38300 ns
[2023-11-12T19:41:05.997+0000][8][safepoint   ] Safepoint "ICBufferFull", Time since last: 1216900 ns, Reaching safepoint: 66700 ns, At safepoint: 3200 ns, Total: 69900 ns
[2023-11-12T19:41:06.008+0000][8][safepoint   ] Safepoint "ICBufferFull", Time since last: 11533899 ns, Reaching safepoint: 69300 ns, At safepoint: 4700 ns, Total: 74000 ns
[2023-11-12T19:41:06.010+0000][8][safepoint   ] Safepoint "ICBufferFull", Time since last: 1631500 ns, Reaching safepoint: 116400 ns, At safepoint: 5700 ns, Total: 122100 ns
[2023-11-12T19:41:06.011+0000][8][safepoint   ] Safepoint "ICBufferFull", Time since last: 1244200 ns, Reaching safepoint: 120200 ns, At safepoint: 6100 ns, Total: 126300 ns
[2023-11-12T19:41:06.013+0000][8][safepoint   ] Safepoint "ICBufferFull", Time since last: 1896300 ns, Reaching safepoint: 116200 ns, At safepoint: 5800 ns, Total: 122000 ns
[2023-11-12T19:41:06.015+0000][8][safepoint   ] Safepoint "ICBufferFull", Time since last: 1244100 ns, Reaching safepoint: 97700 ns, At safepoint: 5300 ns, Total: 103000 ns
[2023-11-12T19:41:06.016+0000][8][safepoint   ] Safepoint "ICBufferFull", Time since last: 1207500 ns, Reaching safepoint: 104300 ns, At safepoint: 7900 ns, Total: 112200 ns
[2023-11-12T19:41:06.018+0000][8][safepoint   ] Safepoint "ICBufferFull", Time since last: 1506200 ns, Reaching safepoint: 117300 ns, At safepoint: 5700 ns, Total: 123000 ns
[2023-11-12T19:41:06.029+0000][8][safepoint   ] Safepoint "ICBufferFull", Time since last: 11619600 ns, Reaching safepoint: 89600 ns, At safepoint: 9500 ns, Total: 99100 ns
[2023-11-12T19:41:06.031+0000][8][safepoint   ] Safepoint "ICBufferFull", Time since last: 1613000 ns, Reaching safepoint: 171700 ns, At safepoint: 8900 ns, Total: 180600 ns
[2023-11-12T19:41:06.041+0000][8][safepoint   ] Safepoint "ICBufferFull", Time since last: 9537599 ns, Reaching safepoint: 80700 ns, At safepoint: 8000 ns, Total: 88700 ns
[2023-11-12T19:41:06.277+0000][8][safepoint   ] Safepoint "ICBufferFull", Time since last: 235518093 ns, Reaching safepoint: 131500 ns, At safepoint: 34300 ns, Total: 165800 ns
[2023-11-12T19:41:06.347+0000][8][safepoint   ] Safepoint "ICBufferFull", Time since last: 70013298 ns, Reaching safepoint: 85500 ns, At safepoint: 7700 ns, Total: 93200 ns
[2023-11-12T19:41:06.351+0000][8][safepoint   ] Safepoint "ICBufferFull", Time since last: 3932300 ns, Reaching safepoint: 120000 ns, At safepoint: 5400 ns, Total: 125400 ns
[2023-11-12T19:41:06.354+0000][8][safepoint   ] Safepoint "ICBufferFull", Time since last: 2854500 ns, Reaching safepoint: 93700 ns, At safepoint: 5800 ns, Total: 99500 ns
[2023-11-12T19:41:07.091+0000][8][gc,start    ] GC(4) Pause Young (Normal) (G1 Evacuation Pause)
[2023-11-12T19:41:07.091+0000][8][gc,task     ] GC(4) Using 4 workers of 4 for evacuation
[2023-11-12T19:41:07.091+0000][8][gc,age      ] GC(4) Desired survivor size 20971520 bytes, new threshold 15 (max threshold 15)
[2023-11-12T19:41:07.103+0000][8][gc,age      ] GC(4) Age table with threshold 15 (max threshold 15)
[2023-11-12T19:41:07.103+0000][8][gc,age      ] GC(4) - age   1:    5602216 bytes,    5602216 total
[2023-11-12T19:41:07.103+0000][8][gc,age      ] GC(4) - age   2:    1867496 bytes,    7469712 total
[2023-11-12T19:41:07.103+0000][8][gc,age      ] GC(4) - age   3:    1335064 bytes,    8804776 total
[2023-11-12T19:41:07.103+0000][8][gc,age      ] GC(4) - age   4:    1659304 bytes,   10464080 total
[2023-11-12T19:41:07.103+0000][8][gc,phases   ] GC(4)   Pre Evacuate Collection Set: 0.1ms
[2023-11-12T19:41:07.103+0000][8][gc,phases   ] GC(4)   Merge Heap Roots: 0.1ms
[2023-11-12T19:41:07.103+0000][8][gc,phases   ] GC(4)   Evacuate Collection Set: 10.4ms
[2023-11-12T19:41:07.103+0000][8][gc,phases   ] GC(4)   Post Evacuate Collection Set: 1.3ms
[2023-11-12T19:41:07.103+0000][8][gc,phases   ] GC(4)   Other: 0.4ms
[2023-11-12T19:41:07.103+0000][8][gc,heap     ] GC(4) Eden regions: 74->0(73)
[2023-11-12T19:41:07.103+0000][8][gc,heap     ] GC(4) Survivor regions: 2->3(10)
[2023-11-12T19:41:07.103+0000][8][gc,heap     ] GC(4) Old regions: 2->2
[2023-11-12T19:41:07.103+0000][8][gc,heap     ] GC(4) Archive regions: 2->2
[2023-11-12T19:41:07.103+0000][8][gc,heap     ] GC(4) Humongous regions: 0->0
[2023-11-12T19:41:07.103+0000][8][gc,metaspace] GC(4) Metaspace: 19091K(19456K)->19091K(19456K) NonClass: 16793K(17024K)->16793K(17024K) Class: 2297K(2432K)->2297K(2432K)
[2023-11-12T19:41:07.103+0000][8][gc          ] GC(4) Pause Young (Normal) (G1 Evacuation Pause) 309M->18M(512M) 12.308ms
[2023-11-12T19:41:07.103+0000][8][gc,cpu      ] GC(4) User=0.03s Sys=0.01s Real=0.01s
[2023-11-12T19:41:07.103+0000][8][safepoint   ] Safepoint "G1CollectForAllocation", Time since last: 736780678 ns, Reaching safepoint: 223100 ns, At safepoint: 12413199 ns, Total: 12636299 ns
[2023-11-12T19:41:07.668+0000][8][gc,start    ] GC(5) Pause Young (Normal) (G1 Evacuation Pause)
[2023-11-12T19:41:07.668+0000][8][gc,task     ] GC(5) Using 4 workers of 4 for evacuation
[2023-11-12T19:41:07.668+0000][8][gc,age      ] GC(5) Desired survivor size 20971520 bytes, new threshold 15 (max threshold 15)
[2023-11-12T19:41:07.677+0000][8][gc,age      ] GC(5) Age table with threshold 15 (max threshold 15)
[2023-11-12T19:41:07.677+0000][8][gc,age      ] GC(5) - age   1:    3249368 bytes,    3249368 total
[2023-11-12T19:41:07.677+0000][8][gc,age      ] GC(5) - age   2:    3802608 bytes,    7051976 total
[2023-11-12T19:41:07.677+0000][8][gc,age      ] GC(5) - age   3:    1867128 bytes,    8919104 total
[2023-11-12T19:41:07.677+0000][8][gc,age      ] GC(5) - age   4:    1327640 bytes,   10246744 total
[2023-11-12T19:41:07.677+0000][8][gc,age      ] GC(5) - age   5:    1659304 bytes,   11906048 total
[2023-11-12T19:41:07.677+0000][8][gc,phases   ] GC(5)   Pre Evacuate Collection Set: 0.2ms
[2023-11-12T19:41:07.677+0000][8][gc,phases   ] GC(5)   Merge Heap Roots: 0.1ms
[2023-11-12T19:41:07.677+0000][8][gc,phases   ] GC(5)   Evacuate Collection Set: 7.7ms
[2023-11-12T19:41:07.677+0000][8][gc,phases   ] GC(5)   Post Evacuate Collection Set: 1.0ms
[2023-11-12T19:41:07.677+0000][8][gc,phases   ] GC(5)   Other: 0.3ms
[2023-11-12T19:41:07.677+0000][8][gc,heap     ] GC(5) Eden regions: 73->0(73)
[2023-11-12T19:41:07.677+0000][8][gc,heap     ] GC(5) Survivor regions: 3->3(10)
[2023-11-12T19:41:07.677+0000][8][gc,heap     ] GC(5) Old regions: 2->2
[2023-11-12T19:41:07.677+0000][8][gc,heap     ] GC(5) Archive regions: 2->2
[2023-11-12T19:41:07.677+0000][8][gc,heap     ] GC(5) Humongous regions: 0->0
[2023-11-12T19:41:07.677+0000][8][gc,metaspace] GC(5) Metaspace: 19683K(20032K)->19683K(20032K) NonClass: 17318K(17536K)->17318K(17536K) Class: 2364K(2496K)->2364K(2496K)
[2023-11-12T19:41:07.677+0000][8][gc          ] GC(5) Pause Young (Normal) (G1 Evacuation Pause) 310M->20M(512M) 9.441ms
[2023-11-12T19:41:07.677+0000][8][gc,cpu      ] GC(5) User=0.04s Sys=0.00s Real=0.01s
[2023-11-12T19:41:07.677+0000][8][safepoint   ] Safepoint "G1CollectForAllocation", Time since last: 564593883 ns, Reaching safepoint: 85400 ns, At safepoint: 9529300 ns, Total: 9614700 ns
[2023-11-12T19:41:08.152+0000][8][gc,start    ] GC(6) Pause Young (Normal) (G1 Evacuation Pause)
[2023-11-12T19:41:08.152+0000][8][gc,task     ] GC(6) Using 4 workers of 4 for evacuation
[2023-11-12T19:41:08.152+0000][8][gc,age      ] GC(6) Desired survivor size 20971520 bytes, new threshold 15 (max threshold 15)
[2023-11-12T19:41:08.161+0000][8][gc,age      ] GC(6) Age table with threshold 15 (max threshold 15)
[2023-11-12T19:41:08.161+0000][8][gc,age      ] GC(6) - age   1:    1104840 bytes,    1104840 total
[2023-11-12T19:41:08.161+0000][8][gc,age      ] GC(6) - age   2:    2586632 bytes,    3691472 total
[2023-11-12T19:41:08.161+0000][8][gc,age      ] GC(6) - age   3:    3801440 bytes,    7492912 total
[2023-11-12T19:41:08.161+0000][8][gc,age      ] GC(6) - age   4:    1867128 bytes,    9360040 total
[2023-11-12T19:41:08.161+0000][8][gc,age      ] GC(6) - age   5:    1327640 bytes,   10687680 total
[2023-11-12T19:41:08.161+0000][8][gc,age      ] GC(6) - age   6:    1659304 bytes,   12346984 total
[2023-11-12T19:41:08.161+0000][8][gc,phases   ] GC(6)   Pre Evacuate Collection Set: 0.1ms
[2023-11-12T19:41:08.161+0000][8][gc,phases   ] GC(6)   Merge Heap Roots: 0.1ms
[2023-11-12T19:41:08.161+0000][8][gc,phases   ] GC(6)   Evacuate Collection Set: 7.7ms
[2023-11-12T19:41:08.161+0000][8][gc,phases   ] GC(6)   Post Evacuate Collection Set: 0.8ms
[2023-11-12T19:41:08.161+0000][8][gc,phases   ] GC(6)   Other: 0.3ms
[2023-11-12T19:41:08.161+0000][8][gc,heap     ] GC(6) Eden regions: 73->0(72)
[2023-11-12T19:41:08.161+0000][8][gc,heap     ] GC(6) Survivor regions: 3->4(10)
[2023-11-12T19:41:08.161+0000][8][gc,heap     ] GC(6) Old regions: 2->2
[2023-11-12T19:41:08.161+0000][8][gc,heap     ] GC(6) Archive regions: 2->2
[2023-11-12T19:41:08.161+0000][8][gc,heap     ] GC(6) Humongous regions: 0->0
[2023-11-12T19:41:08.161+0000][8][gc,metaspace] GC(6) Metaspace: 20073K(20416K)->20073K(20416K) NonClass: 17638K(17856K)->17638K(17856K) Class: 2435K(2560K)->2435K(2560K)
[2023-11-12T19:41:08.161+0000][8][gc          ] GC(6) Pause Young (Normal) (G1 Evacuation Pause) 312M->20M(512M) 9.026ms
[2023-11-12T19:41:08.161+0000][8][gc,cpu      ] GC(6) User=0.03s Sys=0.01s Real=0.01s
[2023-11-12T19:41:08.161+0000][8][safepoint   ] Safepoint "G1CollectForAllocation", Time since last: 474405486 ns, Reaching safepoint: 75500 ns, At safepoint: 9112699 ns, Total: 9188199 ns
[2023-11-12T19:41:08.427+0000][8][gc,start    ] GC(7) Pause Young (Concurrent Start) (Metadata GC Threshold)
[2023-11-12T19:41:08.427+0000][8][gc,task     ] GC(7) Using 4 workers of 4 for evacuation
[2023-11-12T19:41:08.427+0000][8][gc,age      ] GC(7) Desired survivor size 20971520 bytes, new threshold 15 (max threshold 15)
[2023-11-12T19:41:08.438+0000][8][gc,age      ] GC(7) Age table with threshold 15 (max threshold 15)
[2023-11-12T19:41:08.438+0000][8][gc,age      ] GC(7) - age   1:    1616920 bytes,    1616920 total
[2023-11-12T19:41:08.438+0000][8][gc,age      ] GC(7) - age   2:     573608 bytes,    2190528 total
[2023-11-12T19:41:08.438+0000][8][gc,age      ] GC(7) - age   3:    2585592 bytes,    4776120 total
[2023-11-12T19:41:08.438+0000][8][gc,age      ] GC(7) - age   4:    3801096 bytes,    8577216 total
[2023-11-12T19:41:08.438+0000][8][gc,age      ] GC(7) - age   5:    1867128 bytes,   10444344 total
[2023-11-12T19:41:08.438+0000][8][gc,age      ] GC(7) - age   6:    1326936 bytes,   11771280 total
[2023-11-12T19:41:08.438+0000][8][gc,age      ] GC(7) - age   7:    1658952 bytes,   13430232 total
[2023-11-12T19:41:08.438+0000][8][gc,phases   ] GC(7)   Pre Evacuate Collection Set: 0.2ms
[2023-11-12T19:41:08.438+0000][8][gc,phases   ] GC(7)   Merge Heap Roots: 0.1ms
[2023-11-12T19:41:08.438+0000][8][gc,phases   ] GC(7)   Evacuate Collection Set: 9.1ms
[2023-11-12T19:41:08.438+0000][8][gc,phases   ] GC(7)   Post Evacuate Collection Set: 0.7ms
[2023-11-12T19:41:08.438+0000][8][gc,phases   ] GC(7)   Other: 0.4ms
[2023-11-12T19:41:08.438+0000][8][gc,heap     ] GC(7) Eden regions: 27->0(72)
[2023-11-12T19:41:08.438+0000][8][gc,heap     ] GC(7) Survivor regions: 4->4(10)
[2023-11-12T19:41:08.438+0000][8][gc,heap     ] GC(7) Old regions: 2->2
[2023-11-12T19:41:08.438+0000][8][gc,heap     ] GC(7) Archive regions: 2->2
[2023-11-12T19:41:08.438+0000][8][gc,heap     ] GC(7) Humongous regions: 0->0
[2023-11-12T19:41:08.438+0000][8][gc,metaspace] GC(7) Metaspace: 20829K(21248K)->20829K(21248K) NonClass: 18289K(18560K)->18289K(18560K) Class: 2539K(2688K)->2539K(2688K)
[2023-11-12T19:41:08.438+0000][8][gc          ] GC(7) Pause Young (Concurrent Start) (Metadata GC Threshold) 124M->22M(512M) 10.562ms
[2023-11-12T19:41:08.438+0000][8][gc,cpu      ] GC(7) User=0.03s Sys=0.00s Real=0.01s
[2023-11-12T19:41:08.438+0000][8][gc          ] GC(8) Concurrent Mark Cycle
[2023-11-12T19:41:08.438+0000][8][gc,marking  ] GC(8) Concurrent Clear Claimed Marks
[2023-11-12T19:41:08.438+0000][8][safepoint   ] Safepoint "CollectForMetadataAllocation", Time since last: 266023892 ns, Reaching safepoint: 250700 ns, At safepoint: 10718900 ns, Total: 10969600 ns
[2023-11-12T19:41:08.438+0000][8][gc,marking  ] GC(8) Concurrent Clear Claimed Marks 0.062ms
[2023-11-12T19:41:08.438+0000][8][gc,marking  ] GC(8) Concurrent Scan Root Regions
[2023-11-12T19:41:08.447+0000][8][gc,marking  ] GC(8) Concurrent Scan Root Regions 8.602ms
[2023-11-12T19:41:08.447+0000][8][gc,marking  ] GC(8) Concurrent Mark
[2023-11-12T19:41:08.447+0000][8][gc,marking  ] GC(8) Concurrent Mark From Roots
[2023-11-12T19:41:08.447+0000][8][gc,task     ] GC(8) Using 1 workers of 1 for marking
[2023-11-12T19:41:08.459+0000][8][gc,marking  ] GC(8) Concurrent Mark From Roots 12.572ms
[2023-11-12T19:41:08.459+0000][8][gc,marking  ] GC(8) Concurrent Preclean
[2023-11-12T19:41:08.460+0000][8][gc,marking  ] GC(8) Concurrent Preclean 0.275ms
[2023-11-12T19:41:08.461+0000][8][gc,start    ] GC(8) Pause Remark
[2023-11-12T19:41:08.465+0000][8][gc          ] GC(8) Pause Remark 24M->24M(512M) 4.138ms
[2023-11-12T19:41:08.465+0000][8][gc,cpu      ] GC(8) User=0.01s Sys=0.00s Real=0.00s
[2023-11-12T19:41:08.465+0000][8][safepoint   ] Safepoint "G1Concurrent", Time since last: 22092999 ns, Reaching safepoint: 896700 ns, At safepoint: 4296800 ns, Total: 5193500 ns
[2023-11-12T19:41:08.465+0000][8][gc,marking  ] GC(8) Concurrent Mark 18.672ms
[2023-11-12T19:41:08.465+0000][8][gc,marking  ] GC(8) Concurrent Rebuild Remembered Sets
[2023-11-12T19:41:08.470+0000][8][gc,marking  ] GC(8) Concurrent Rebuild Remembered Sets 4.092ms
[2023-11-12T19:41:08.470+0000][8][gc,start    ] GC(8) Pause Cleanup
[2023-11-12T19:41:08.470+0000][8][gc          ] GC(8) Pause Cleanup 24M->24M(512M) 0.135ms
[2023-11-12T19:41:08.470+0000][8][gc,cpu      ] GC(8) User=0.00s Sys=0.00s Real=0.00s
[2023-11-12T19:41:08.470+0000][8][safepoint   ] Safepoint "G1Concurrent", Time since last: 4544400 ns, Reaching safepoint: 178600 ns, At safepoint: 200800 ns, Total: 379400 ns
[2023-11-12T19:41:08.470+0000][8][gc,marking  ] GC(8) Concurrent Cleanup for Next Mark
[2023-11-12T19:41:08.471+0000][8][gc,marking  ] GC(8) Concurrent Cleanup for Next Mark 0.887ms
[2023-11-12T19:41:08.471+0000][8][gc          ] GC(8) Concurrent Mark Cycle 33.458ms
[2023-11-12T19:41:08.922+0000][8][gc,start    ] GC(9) Pause Young (Normal) (G1 Evacuation Pause)
[2023-11-12T19:41:08.922+0000][8][gc,task     ] GC(9) Using 4 workers of 4 for evacuation
[2023-11-12T19:41:08.922+0000][8][gc,age      ] GC(9) Desired survivor size 20971520 bytes, new threshold 15 (max threshold 15)
[2023-11-12T19:41:08.932+0000][8][gc,age      ] GC(9) Age table with threshold 15 (max threshold 15)
[2023-11-12T19:41:08.932+0000][8][gc,age      ] GC(9) - age   1:    1586152 bytes,    1586152 total
[2023-11-12T19:41:08.932+0000][8][gc,age      ] GC(9) - age   2:    1580904 bytes,    3167056 total
[2023-11-12T19:41:08.932+0000][8][gc,age      ] GC(9) - age   3:     571520 bytes,    3738576 total
[2023-11-12T19:41:08.932+0000][8][gc,age      ] GC(9) - age   4:    2585320 bytes,    6323896 total
[2023-11-12T19:41:08.932+0000][8][gc,age      ] GC(9) - age   5:    3800520 bytes,   10124416 total
[2023-11-12T19:41:08.932+0000][8][gc,age      ] GC(9) - age   6:    1867096 bytes,   11991512 total
[2023-11-12T19:41:08.932+0000][8][gc,age      ] GC(9) - age   7:    1326360 bytes,   13317872 total
[2023-11-12T19:41:08.932+0000][8][gc,age      ] GC(9) - age   8:    1657192 bytes,   14975064 total
[2023-11-12T19:41:08.932+0000][8][gc,phases   ] GC(9)   Pre Evacuate Collection Set: 0.4ms
[2023-11-12T19:41:08.932+0000][8][gc,phases   ] GC(9)   Merge Heap Roots: 0.2ms
[2023-11-12T19:41:08.932+0000][8][gc,phases   ] GC(9)   Evacuate Collection Set: 9.0ms
[2023-11-12T19:41:08.932+0000][8][gc,phases   ] GC(9)   Post Evacuate Collection Set: 0.9ms
[2023-11-12T19:41:08.932+0000][8][gc,phases   ] GC(9)   Other: 0.4ms
[2023-11-12T19:41:08.932+0000][8][gc,heap     ] GC(9) Eden regions: 72->0(72)
[2023-11-12T19:41:08.932+0000][8][gc,heap     ] GC(9) Survivor regions: 4->4(10)
[2023-11-12T19:41:08.932+0000][8][gc,heap     ] GC(9) Old regions: 2->2
[2023-11-12T19:41:08.932+0000][8][gc,heap     ] GC(9) Archive regions: 2->2
[2023-11-12T19:41:08.932+0000][8][gc,heap     ] GC(9) Humongous regions: 0->0
[2023-11-12T19:41:08.932+0000][8][gc,metaspace] GC(9) Metaspace: 21269K(21760K)->21269K(21760K) NonClass: 18675K(19008K)->18675K(19008K) Class: 2594K(2752K)->2594K(2752K)
[2023-11-12T19:41:08.932+0000][8][gc          ] GC(9) Pause Young (Normal) (G1 Evacuation Pause) 310M->23M(512M) 10.853ms
[2023-11-12T19:41:08.932+0000][8][gc,cpu      ] GC(9) User=0.03s Sys=0.00s Real=0.01s
[2023-11-12T19:41:08.933+0000][8][safepoint   ] Safepoint "G1CollectForAllocation", Time since last: 451317986 ns, Reaching safepoint: 141400 ns, At safepoint: 10936700 ns, Total: 11078100 ns
[2023-11-12T19:41:09.923+0000][8][safepoint   ] Safepoint "ICBufferFull", Time since last: 989721470 ns, Reaching safepoint: 248600 ns, At safepoint: 32200 ns, Total: 280800 ns
[2023-11-12T19:41:10.337+0000][8][safepoint   ] Safepoint "ICBufferFull", Time since last: 413762103 ns, Reaching safepoint: 252600 ns, At safepoint: 5600 ns, Total: 258200 ns
[2023-11-12T19:41:10.814+0000][8][gc,start    ] GC(10) Pause Young (Normal) (G1 Evacuation Pause)
[2023-11-12T19:41:10.814+0000][8][gc,task     ] GC(10) Using 4 workers of 4 for evacuation
[2023-11-12T19:41:10.814+0000][8][gc,age      ] GC(10) Desired survivor size 20971520 bytes, new threshold 15 (max threshold 15)
[2023-11-12T19:41:10.840+0000][8][gc,age      ] GC(10) Age table with threshold 15 (max threshold 15)
[2023-11-12T19:41:10.840+0000][8][gc,age      ] GC(10) - age   1:   11911688 bytes,   11911688 total
[2023-11-12T19:41:10.840+0000][8][gc,age      ] GC(10) - age   2:    1031784 bytes,   12943472 total
[2023-11-12T19:41:10.840+0000][8][gc,age      ] GC(10) - age   3:    1564784 bytes,   14508256 total
[2023-11-12T19:41:10.840+0000][8][gc,age      ] GC(10) - age   4:     556192 bytes,   15064448 total
[2023-11-12T19:41:10.840+0000][8][gc,age      ] GC(10) - age   5:    2567536 bytes,   17631984 total
[2023-11-12T19:41:10.840+0000][8][gc,age      ] GC(10) - age   6:    3777824 bytes,   21409808 total
[2023-11-12T19:41:10.840+0000][8][gc,age      ] GC(10) - age   7:    1819736 bytes,   23229544 total
[2023-11-12T19:41:10.840+0000][8][gc,age      ] GC(10) - age   8:    1304144 bytes,   24533688 total
[2023-11-12T19:41:10.840+0000][8][gc,age      ] GC(10) - age   9:    1649944 bytes,   26183632 total
[2023-11-12T19:41:10.840+0000][8][gc,phases   ] GC(10)   Pre Evacuate Collection Set: 0.1ms
[2023-11-12T19:41:10.840+0000][8][gc,phases   ] GC(10)   Merge Heap Roots: 0.1ms
[2023-11-12T19:41:10.841+0000][8][gc,phases   ] GC(10)   Evacuate Collection Set: 24.5ms
[2023-11-12T19:41:10.841+0000][8][gc,phases   ] GC(10)   Post Evacuate Collection Set: 1.7ms
[2023-11-12T19:41:10.841+0000][8][gc,phases   ] GC(10)   Other: 0.3ms
[2023-11-12T19:41:10.841+0000][8][gc,heap     ] GC(10) Eden regions: 72->0(69)
[2023-11-12T19:41:10.841+0000][8][gc,heap     ] GC(10) Survivor regions: 4->7(10)
[2023-11-12T19:41:10.841+0000][8][gc,heap     ] GC(10) Old regions: 2->2
[2023-11-12T19:41:10.841+0000][8][gc,heap     ] GC(10) Archive regions: 2->2
[2023-11-12T19:41:10.841+0000][8][gc,heap     ] GC(10) Humongous regions: 0->0
[2023-11-12T19:41:10.841+0000][8][gc,metaspace] GC(10) Metaspace: 30349K(31232K)->30349K(31232K) NonClass: 26576K(27072K)->26576K(27072K) Class: 3772K(4160K)->3772K(4160K)
[2023-11-12T19:41:10.841+0000][8][gc          ] GC(10) Pause Young (Normal) (G1 Evacuation Pause) 311M->34M(512M) 26.872ms
[2023-11-12T19:41:10.841+0000][8][gc,cpu      ] GC(10) User=0.09s Sys=0.00s Real=0.03s
[2023-11-12T19:41:10.841+0000][8][safepoint   ] Safepoint "G1CollectForAllocation", Time since last: 477023110 ns, Reaching safepoint: 126600 ns, At safepoint: 26986401 ns, Total: 27113001 ns
[2023-11-12T19:41:11.841+0000][8][safepoint   ] Safepoint "Cleanup", Time since last: 1000127522 ns, Reaching safepoint: 245000 ns, At safepoint: 26400 ns, Total: 271400 ns
[2023-11-12T19:41:12.841+0000][8][safepoint   ] Safepoint "Cleanup", Time since last: 1000169522 ns, Reaching safepoint: 200600 ns, At safepoint: 26500 ns, Total: 227100 ns
[2023-11-12T19:41:13.500+0000][8][gc,start    ] GC(11) Pause Young (Concurrent Start) (Metadata GC Threshold)
[2023-11-12T19:41:13.500+0000][8][gc,task     ] GC(11) Using 4 workers of 4 for evacuation
[2023-11-12T19:41:13.500+0000][8][gc,age      ] GC(11) Desired survivor size 20971520 bytes, new threshold 6 (max threshold 15)
[2023-11-12T19:41:13.577+0000][8][gc,age      ] GC(11) Age table with threshold 6 (max threshold 15)
[2023-11-12T19:41:13.577+0000][8][gc,age      ] GC(11) - age   1:   25153312 bytes,   25153312 total
[2023-11-12T19:41:13.578+0000][8][gc,age      ] GC(11) - age   2:   11024000 bytes,   36177312 total
[2023-11-12T19:41:13.578+0000][8][gc,age      ] GC(11) - age   3:    1031664 bytes,   37208976 total
[2023-11-12T19:41:13.578+0000][8][gc,age      ] GC(11) - age   4:    1564584 bytes,   38773560 total
[2023-11-12T19:41:13.578+0000][8][gc,age      ] GC(11) - age   5:     556160 bytes,   39329720 total
[2023-11-12T19:41:13.578+0000][8][gc,age      ] GC(11) - age   6:    2556384 bytes,   41886104 total
[2023-11-12T19:41:13.579+0000][8][gc,phases   ] GC(11)   Pre Evacuate Collection Set: 0.2ms
[2023-11-12T19:41:13.579+0000][8][gc,phases   ] GC(11)   Merge Heap Roots: 0.3ms
[2023-11-12T19:41:13.579+0000][8][gc,phases   ] GC(11)   Evacuate Collection Set: 74.6ms
[2023-11-12T19:41:13.579+0000][8][gc,phases   ] GC(11)   Post Evacuate Collection Set: 2.6ms
[2023-11-12T19:41:13.579+0000][8][gc,phases   ] GC(11)   Other: 1.4ms
[2023-11-12T19:41:13.579+0000][8][gc,heap     ] GC(11) Eden regions: 55->0(66)
[2023-11-12T19:41:13.579+0000][8][gc,heap     ] GC(11) Survivor regions: 7->10(10)
[2023-11-12T19:41:13.579+0000][8][gc,heap     ] GC(11) Old regions: 2->4
[2023-11-12T19:41:13.579+0000][8][gc,heap     ] GC(11) Archive regions: 2->2
[2023-11-12T19:41:13.579+0000][8][gc,heap     ] GC(11) Humongous regions: 0->0
[2023-11-12T19:41:13.579+0000][8][gc,metaspace] GC(11) Metaspace: 34653K(35520K)->34653K(35520K) NonClass: 30202K(30720K)->30202K(30720K) Class: 4451K(4800K)->4451K(4800K)
[2023-11-12T19:41:13.579+0000][8][gc          ] GC(11) Pause Young (Concurrent Start) (Metadata GC Threshold) 254M->59M(512M) 79.174ms
[2023-11-12T19:41:13.579+0000][8][gc,cpu      ] GC(11) User=0.28s Sys=0.01s Real=0.08s
[2023-11-12T19:41:13.579+0000][8][safepoint   ] Safepoint "CollectForMetadataAllocation", Time since last: 657873814 ns, Reaching safepoint: 202100 ns, At safepoint: 79400102 ns, Total: 79602202 ns
[2023-11-12T19:41:13.580+0000][8][gc          ] GC(12) Concurrent Mark Cycle
[2023-11-12T19:41:13.580+0000][8][gc,marking  ] GC(12) Concurrent Clear Claimed Marks
[2023-11-12T19:41:13.580+0000][8][gc,marking  ] GC(12) Concurrent Clear Claimed Marks 0.253ms
[2023-11-12T19:41:13.580+0000][8][gc,marking  ] GC(12) Concurrent Scan Root Regions
[2023-11-12T19:41:13.624+0000][8][safepoint   ] Safepoint "CollectForMetadataAllocation", Time since last: 44814901 ns, Reaching safepoint: 70800 ns, At safepoint: 78800 ns, Total: 149600 ns
[2023-11-12T19:41:13.642+0000][8][gc,marking  ] GC(12) Concurrent Scan Root Regions 61.547ms
[2023-11-12T19:41:13.642+0000][8][gc,marking  ] GC(12) Concurrent Mark
[2023-11-12T19:41:13.642+0000][8][gc,marking  ] GC(12) Concurrent Mark From Roots
[2023-11-12T19:41:13.642+0000][8][gc,task     ] GC(12) Using 1 workers of 1 for marking
[2023-11-12T19:41:13.648+0000][8][safepoint   ] Safepoint "CollectForMetadataAllocation", Time since last: 23795901 ns, Reaching safepoint: 178600 ns, At safepoint: 133900 ns, Total: 312500 ns
[2023-11-12T19:41:13.652+0000][8][gc,marking  ] GC(12) Concurrent Mark From Roots 9.923ms
[2023-11-12T19:41:13.652+0000][8][gc,marking  ] GC(12) Concurrent Preclean
[2023-11-12T19:41:13.653+0000][8][gc,marking  ] GC(12) Concurrent Preclean 0.266ms
[2023-11-12T19:41:13.653+0000][8][gc,start    ] GC(12) Pause Remark
[2023-11-12T19:41:13.659+0000][8][gc          ] GC(12) Pause Remark 63M->63M(512M) 6.041ms
[2023-11-12T19:41:13.659+0000][8][gc,cpu      ] GC(12) User=0.02s Sys=0.00s Real=0.00s
[2023-11-12T19:41:13.659+0000][8][safepoint   ] Safepoint "G1Concurrent", Time since last: 4897800 ns, Reaching safepoint: 240200 ns, At safepoint: 6225200 ns, Total: 6465400 ns
[2023-11-12T19:41:13.660+0000][8][gc,marking  ] GC(12) Concurrent Mark 17.647ms
[2023-11-12T19:41:13.660+0000][8][gc,marking  ] GC(12) Concurrent Rebuild Remembered Sets
[2023-11-12T19:41:13.679+0000][8][gc,marking  ] GC(12) Concurrent Rebuild Remembered Sets 18.844ms
[2023-11-12T19:41:13.679+0000][8][gc,start    ] GC(12) Pause Cleanup
[2023-11-12T19:41:13.679+0000][8][gc          ] GC(12) Pause Cleanup 63M->63M(512M) 0.105ms
[2023-11-12T19:41:13.679+0000][8][gc,cpu      ] GC(12) User=0.00s Sys=0.00s Real=0.00s
[2023-11-12T19:41:13.679+0000][8][safepoint   ] Safepoint "G1Concurrent", Time since last: 19605400 ns, Reaching safepoint: 227000 ns, At safepoint: 203600 ns, Total: 430600 ns
[2023-11-12T19:41:13.680+0000][8][gc,marking  ] GC(12) Concurrent Cleanup for Next Mark
[2023-11-12T19:41:13.681+0000][8][gc,marking  ] GC(12) Concurrent Cleanup for Next Mark 1.086ms
[2023-11-12T19:41:13.681+0000][8][gc          ] GC(12) Concurrent Mark Cycle 101.271ms
[2023-11-12T19:41:15.588+0000][8][safepoint   ] Safepoint "Cleanup", Time since last: 1908041242 ns, Reaching safepoint: 376500 ns, At safepoint: 42100 ns, Total: 418600 ns
[2023-11-12T19:41:16.475+0000][8][gc,start    ] GC(13) Pause Young (Concurrent Start) (G1 Evacuation Pause)
[2023-11-12T19:41:16.475+0000][8][gc,task     ] GC(13) Using 4 workers of 4 for evacuation
[2023-11-12T19:41:16.475+0000][8][gc,age      ] GC(13) Desired survivor size 20971520 bytes, new threshold 1 (max threshold 15)
[2023-11-12T19:41:16.528+0000][8][gc,age      ] GC(13) Age table with threshold 1 (max threshold 15)
[2023-11-12T19:41:16.528+0000][8][gc,age      ] GC(13) - age   1:    6245464 bytes,    6245464 total
[2023-11-12T19:41:16.528+0000][8][gc,phases   ] GC(13)   Pre Evacuate Collection Set: 0.5ms
[2023-11-12T19:41:16.528+0000][8][gc,phases   ] GC(13)   Merge Heap Roots: 0.3ms
[2023-11-12T19:41:16.528+0000][8][gc,phases   ] GC(13)   Evacuate Collection Set: 50.6ms
[2023-11-12T19:41:16.528+0000][8][gc,phases   ] GC(13)   Post Evacuate Collection Set: 1.4ms
[2023-11-12T19:41:16.528+0000][8][gc,phases   ] GC(13)   Other: 0.3ms
[2023-11-12T19:41:16.528+0000][8][gc,heap     ] GC(13) Eden regions: 66->0(73)
[2023-11-12T19:41:16.528+0000][8][gc,heap     ] GC(13) Survivor regions: 10->3(10)
[2023-11-12T19:41:16.528+0000][8][gc,heap     ] GC(13) Old regions: 4->15
[2023-11-12T19:41:16.528+0000][8][gc,heap     ] GC(13) Archive regions: 2->2
[2023-11-12T19:41:16.528+0000][8][gc,heap     ] GC(13) Humongous regions: 0->0
[2023-11-12T19:41:16.528+0000][8][gc,metaspace] GC(13) Metaspace: 52107K(53184K)->52107K(53184K) NonClass: 45235K(45888K)->45235K(45888K) Class: 6871K(7296K)->6871K(7296K)
[2023-11-12T19:41:16.528+0000][8][gc          ] GC(13) Pause Young (Concurrent Start) (G1 Evacuation Pause) 323M->70M(512M) 53.294ms
[2023-11-12T19:41:16.528+0000][8][gc,cpu      ] GC(13) User=0.16s Sys=0.00s Real=0.05s
[2023-11-12T19:41:16.529+0000][8][gc          ] GC(14) Concurrent Mark Cycle
[2023-11-12T19:41:16.529+0000][8][safepoint   ] Safepoint "G1CollectForAllocation", Time since last: 887070320 ns, Reaching safepoint: 209700 ns, At safepoint: 53418701 ns, Total: 53628401 ns
[2023-11-12T19:41:16.529+0000][8][gc,marking  ] GC(14) Concurrent Clear Claimed Marks
[2023-11-12T19:41:16.540+0000][8][gc,marking  ] GC(14) Concurrent Clear Claimed Marks 11.295ms
[2023-11-12T19:41:16.540+0000][8][gc,marking  ] GC(14) Concurrent Scan Root Regions
[2023-11-12T19:41:16.592+0000][8][gc,marking  ] GC(14) Concurrent Scan Root Regions 51.730ms
[2023-11-12T19:41:16.592+0000][8][gc,marking  ] GC(14) Concurrent Mark
[2023-11-12T19:41:16.592+0000][8][gc,marking  ] GC(14) Concurrent Mark From Roots
[2023-11-12T19:41:16.592+0000][8][gc,task     ] GC(14) Using 1 workers of 1 for marking
[2023-11-12T19:41:16.634+0000][8][gc,marking  ] GC(14) Concurrent Mark From Roots 41.936ms
[2023-11-12T19:41:16.634+0000][8][gc,marking  ] GC(14) Concurrent Preclean
[2023-11-12T19:41:16.634+0000][8][gc,marking  ] GC(14) Concurrent Preclean 0.176ms
[2023-11-12T19:41:16.634+0000][8][gc,start    ] GC(14) Pause Remark
[2023-11-12T19:41:16.639+0000][8][gc          ] GC(14) Pause Remark 92M->92M(512M) 4.490ms
[2023-11-12T19:41:16.639+0000][8][gc,cpu      ] GC(14) User=0.01s Sys=0.00s Real=0.00s
[2023-11-12T19:41:16.639+0000][8][safepoint   ] Safepoint "G1Concurrent", Time since last: 105531702 ns, Reaching safepoint: 195300 ns, At safepoint: 4616101 ns, Total: 4811401 ns
[2023-11-12T19:41:16.639+0000][8][gc,marking  ] GC(14) Concurrent Mark 47.140ms
[2023-11-12T19:41:16.639+0000][8][gc,marking  ] GC(14) Concurrent Rebuild Remembered Sets
[2023-11-12T19:41:16.739+0000][8][gc,marking  ] GC(14) Concurrent Rebuild Remembered Sets 100.044ms
[2023-11-12T19:41:16.739+0000][8][gc,start    ] GC(14) Pause Cleanup
[2023-11-12T19:41:16.740+0000][8][gc          ] GC(14) Pause Cleanup 108M->108M(512M) 0.140ms
[2023-11-12T19:41:16.740+0000][8][gc,cpu      ] GC(14) User=0.01s Sys=0.00s Real=0.01s
[2023-11-12T19:41:16.740+0000][8][safepoint   ] Safepoint "G1Concurrent", Time since last: 100188702 ns, Reaching safepoint: 351900 ns, At safepoint: 795500 ns, Total: 1147400 ns
[2023-11-12T19:41:16.740+0000][8][gc,marking  ] GC(14) Concurrent Cleanup for Next Mark
[2023-11-12T19:41:16.748+0000][8][gc,marking  ] GC(14) Concurrent Cleanup for Next Mark 7.478ms
[2023-11-12T19:41:16.748+0000][8][gc          ] GC(14) Concurrent Mark Cycle 219.307ms
[2023-11-12T19:41:18.397+0000][8][safepoint   ] Safepoint "Cleanup", Time since last: 1654928065 ns, Reaching safepoint: 1281700 ns, At safepoint: 54500 ns, Total: 1336200 ns
[2023-11-12T19:41:19.900+0000][8][safepoint   ] Safepoint "ICBufferFull", Time since last: 1502664663 ns, Reaching safepoint: 402201 ns, At safepoint: 10600 ns, Total: 412801 ns
[2023-11-12T19:41:20.891+0000][8][gc,start    ] GC(15) Pause Young (Normal) (G1 Evacuation Pause)
[2023-11-12T19:41:20.891+0000][8][gc,task     ] GC(15) Using 4 workers of 4 for evacuation
[2023-11-12T19:41:20.891+0000][8][gc,age      ] GC(15) Desired survivor size 20971520 bytes, new threshold 15 (max threshold 15)
[2023-11-12T19:41:20.925+0000][8][gc,age      ] GC(15) Age table with threshold 15 (max threshold 15)
[2023-11-12T19:41:20.925+0000][8][gc,age      ] GC(15) - age   1:   11118960 bytes,   11118960 total
[2023-11-12T19:41:20.925+0000][8][gc,age      ] GC(15) - age   2:    6083048 bytes,   17202008 total
[2023-11-12T19:41:20.925+0000][8][gc,phases   ] GC(15)   Pre Evacuate Collection Set: 0.1ms
[2023-11-12T19:41:20.925+0000][8][gc,phases   ] GC(15)   Merge Heap Roots: 0.1ms
[2023-11-12T19:41:20.925+0000][8][gc,phases   ] GC(15)   Evacuate Collection Set: 31.1ms
[2023-11-12T19:41:20.925+0000][8][gc,phases   ] GC(15)   Post Evacuate Collection Set: 2.2ms
[2023-11-12T19:41:20.925+0000][8][gc,phases   ] GC(15)   Other: 0.4ms
[2023-11-12T19:41:20.925+0000][8][gc,heap     ] GC(15) Eden regions: 73->0(71)
[2023-11-12T19:41:20.925+0000][8][gc,heap     ] GC(15) Survivor regions: 3->5(10)
[2023-11-12T19:41:20.925+0000][8][gc,heap     ] GC(15) Old regions: 15->15
[2023-11-12T19:41:20.925+0000][8][gc,heap     ] GC(15) Archive regions: 2->2
[2023-11-12T19:41:20.926+0000][8][gc,heap     ] GC(15) Humongous regions: 0->0
[2023-11-12T19:41:20.926+0000][8][gc,metaspace] GC(15) Metaspace: 74418K(75776K)->74418K(75776K) NonClass: 64341K(65152K)->64341K(65152K) Class: 10076K(10624K)->10076K(10624K)
[2023-11-12T19:41:20.926+0000][8][gc          ] GC(15) Pause Young (Normal) (G1 Evacuation Pause) 362M->77M(512M) 34.728ms
[2023-11-12T19:41:20.926+0000][8][gc,cpu      ] GC(15) User=0.12s Sys=0.00s Real=0.03s
[2023-11-12T19:41:20.926+0000][8][safepoint   ] Safepoint "G1CollectForAllocation", Time since last: 991085607 ns, Reaching safepoint: 172900 ns, At safepoint: 34846504 ns, Total: 35019404 ns
[2023-11-12T19:41:21.817+0000][8][safepoint   ] Safepoint "ICBufferFull", Time since last: 890640796 ns, Reaching safepoint: 240400 ns, At safepoint: 33800 ns, Total: 274200 ns
[2023-11-12T19:41:22.487+0000][8][safepoint   ] Safepoint "ICBufferFull", Time since last: 669820773 ns, Reaching safepoint: 226300 ns, At safepoint: 10300 ns, Total: 236600 ns
[2023-11-12T19:41:23.261+0000][8][safepoint   ] Safepoint "ICBufferFull", Time since last: 773689484 ns, Reaching safepoint: 238900 ns, At safepoint: 51300 ns, Total: 290200 ns
[2023-11-12T19:41:23.362+0000][8][gc,start    ] GC(16) Pause Young (Concurrent Start) (Metadata GC Threshold)
[2023-11-12T19:41:23.362+0000][8][gc,task     ] GC(16) Using 4 workers of 4 for evacuation
[2023-11-12T19:41:23.362+0000][8][gc,age      ] GC(16) Desired survivor size 20971520 bytes, new threshold 15 (max threshold 15)
[2023-11-12T19:41:23.395+0000][8][gc,age      ] GC(16) Age table with threshold 15 (max threshold 15)
[2023-11-12T19:41:23.396+0000][8][gc,age      ] GC(16) - age   1:    5697592 bytes,    5697592 total
[2023-11-12T19:41:23.396+0000][8][gc,age      ] GC(16) - age   2:   10773184 bytes,   16470776 total
[2023-11-12T19:41:23.396+0000][8][gc,age      ] GC(16) - age   3:    6054200 bytes,   22524976 total
[2023-11-12T19:41:23.396+0000][8][gc,phases   ] GC(16)   Pre Evacuate Collection Set: 0.2ms
[2023-11-12T19:41:23.396+0000][8][gc,phases   ] GC(16)   Merge Heap Roots: 0.2ms
[2023-11-12T19:41:23.396+0000][8][gc,phases   ] GC(16)   Evacuate Collection Set: 30.1ms
[2023-11-12T19:41:23.396+0000][8][gc,phases   ] GC(16)   Post Evacuate Collection Set: 2.9ms
[2023-11-12T19:41:23.396+0000][8][gc,phases   ] GC(16)   Other: 0.3ms
[2023-11-12T19:41:23.396+0000][8][gc,heap     ] GC(16) Eden regions: 25->0(70)
[2023-11-12T19:41:23.396+0000][8][gc,heap     ] GC(16) Survivor regions: 5->6(10)
[2023-11-12T19:41:23.396+0000][8][gc,heap     ] GC(16) Old regions: 15->15
[2023-11-12T19:41:23.396+0000][8][gc,heap     ] GC(16) Archive regions: 2->2
[2023-11-12T19:41:23.396+0000][8][gc,heap     ] GC(16) Humongous regions: 0->0
[2023-11-12T19:41:23.396+0000][8][gc,metaspace] GC(16) Metaspace: 87353K(88640K)->87353K(88640K) NonClass: 75472K(76224K)->75472K(76224K) Class: 11880K(12416K)->11880K(12416K)
[2023-11-12T19:41:23.396+0000][8][gc          ] GC(16) Pause Young (Concurrent Start) (Metadata GC Threshold) 176M->84M(512M) 33.644ms
[2023-11-12T19:41:23.396+0000][8][gc,cpu      ] GC(16) User=0.11s Sys=0.00s Real=0.03s
[2023-11-12T19:41:23.396+0000][8][gc          ] GC(17) Concurrent Mark Cycle
[2023-11-12T19:41:23.396+0000][8][gc,marking  ] GC(17) Concurrent Clear Claimed Marks
[2023-11-12T19:41:23.396+0000][8][safepoint   ] Safepoint "CollectForMetadataAllocation", Time since last: 101235911 ns, Reaching safepoint: 118000 ns, At safepoint: 33805504 ns, Total: 33923504 ns
[2023-11-12T19:41:23.396+0000][8][gc,marking  ] GC(17) Concurrent Clear Claimed Marks 0.079ms
[2023-11-12T19:41:23.396+0000][8][gc,marking  ] GC(17) Concurrent Scan Root Regions
[2023-11-12T19:41:23.425+0000][8][gc,marking  ] GC(17) Concurrent Scan Root Regions 29.022ms
[2023-11-12T19:41:23.425+0000][8][gc,marking  ] GC(17) Concurrent Mark
[2023-11-12T19:41:23.425+0000][8][gc,marking  ] GC(17) Concurrent Mark From Roots
[2023-11-12T19:41:23.425+0000][8][gc,task     ] GC(17) Using 1 workers of 1 for marking
[2023-11-12T19:41:23.555+0000][8][gc,marking  ] GC(17) Concurrent Mark From Roots 130.309ms
[2023-11-12T19:41:23.556+0000][8][gc,marking  ] GC(17) Concurrent Preclean
[2023-11-12T19:41:23.556+0000][8][gc,marking  ] GC(17) Concurrent Preclean 0.550ms
[2023-11-12T19:41:23.557+0000][8][gc,start    ] GC(17) Pause Remark
[2023-11-12T19:41:23.563+0000][8][gc          ] GC(17) Pause Remark 95M->95M(512M) 6.832ms
[2023-11-12T19:41:23.564+0000][8][gc,cpu      ] GC(17) User=0.03s Sys=0.00s Real=0.01s
[2023-11-12T19:41:23.564+0000][8][safepoint   ] Safepoint "G1Concurrent", Time since last: 160357217 ns, Reaching safepoint: 481400 ns, At safepoint: 6985101 ns, Total: 7466501 ns
[2023-11-12T19:41:23.564+0000][8][gc,marking  ] GC(17) Concurrent Mark 138.680ms
[2023-11-12T19:41:23.564+0000][8][gc,marking  ] GC(17) Concurrent Rebuild Remembered Sets
[2023-11-12T19:41:23.685+0000][8][gc,marking  ] GC(17) Concurrent Rebuild Remembered Sets 121.635ms
[2023-11-12T19:41:23.686+0000][8][gc,start    ] GC(17) Pause Cleanup
[2023-11-12T19:41:23.686+0000][8][gc          ] GC(17) Pause Cleanup 102M->102M(512M) 0.198ms
[2023-11-12T19:41:23.686+0000][8][gc,cpu      ] GC(17) User=0.00s Sys=0.00s Real=0.00s
[2023-11-12T19:41:23.686+0000][8][safepoint   ] Safepoint "G1Concurrent", Time since last: 121832713 ns, Reaching safepoint: 125900 ns, At safepoint: 304300 ns, Total: 430200 ns
[2023-11-12T19:41:23.686+0000][8][gc,marking  ] GC(17) Concurrent Cleanup for Next Mark
[2023-11-12T19:41:23.687+0000][8][gc,marking  ] GC(17) Concurrent Cleanup for Next Mark 0.790ms
[2023-11-12T19:41:23.687+0000][8][gc          ] GC(17) Concurrent Mark Cycle 291.057ms
[2023-11-12T19:41:25.561+0000][8][safepoint   ] Safepoint "Cleanup", Time since last: 1875125704 ns, Reaching safepoint: 244900 ns, At safepoint: 34600 ns, Total: 279500 ns
[2023-11-12T19:41:26.562+0000][8][safepoint   ] Safepoint "Cleanup", Time since last: 1000327737 ns, Reaching safepoint: 158200 ns, At safepoint: 6800 ns, Total: 165000 ns
[2023-11-12T19:41:28.563+0000][8][safepoint   ] Safepoint "Cleanup", Time since last: 2000466137 ns, Reaching safepoint: 253500 ns, At safepoint: 7800 ns, Total: 261300 ns
[2023-11-12T19:41:29.563+0000][8][safepoint   ] Safepoint "Cleanup", Time since last: 1000244768 ns, Reaching safepoint: 354300 ns, At safepoint: 77000 ns, Total: 431300 ns
[2023-11-12T19:41:35.565+0000][8][safepoint   ] Safepoint "Cleanup", Time since last: 6001723478 ns, Reaching safepoint: 134400 ns, At safepoint: 13500 ns, Total: 147900 ns
[2023-11-12T19:41:37.566+0000][8][safepoint   ] Safepoint "Cleanup", Time since last: 2000400027 ns, Reaching safepoint: 140400 ns, At safepoint: 8300 ns, Total: 148700 ns
[2023-11-12T19:41:39.566+0000][8][safepoint   ] Safepoint "Cleanup", Time since last: 2000301826 ns, Reaching safepoint: 87500 ns, At safepoint: 11300 ns, Total: 98800 ns
[2023-11-12T19:41:40.566+0000][8][safepoint   ] Safepoint "Cleanup", Time since last: 1000200913 ns, Reaching safepoint: 172600 ns, At safepoint: 7300 ns, Total: 179900 ns
[2023-11-12T19:41:44.568+0000][8][safepoint   ] Safepoint "Cleanup", Time since last: 4001170017 ns, Reaching safepoint: 361600 ns, At safepoint: 17800 ns, Total: 379400 ns
[2023-11-12T19:41:45.569+0000][8][safepoint   ] Safepoint "Cleanup", Time since last: 1000586399 ns, Reaching safepoint: 192400 ns, At safepoint: 11600 ns, Total: 204000 ns
[2023-11-12T19:41:46.570+0000][8][safepoint   ] Safepoint "Cleanup", Time since last: 1000520299 ns, Reaching safepoint: 311800 ns, At safepoint: 21800 ns, Total: 333600 ns
[2023-11-12T19:41:47.571+0000][8][safepoint   ] Safepoint "Cleanup", Time since last: 1000591099 ns, Reaching safepoint: 332200 ns, At safepoint: 17400 ns, Total: 349600 ns
[2023-11-12T19:41:53.573+0000][8][safepoint   ] Safepoint "Cleanup", Time since last: 6001885476 ns, Reaching safepoint: 653000 ns, At safepoint: 20100 ns, Total: 673100 ns
[2023-11-12T19:41:54.574+0000][8][safepoint   ] Safepoint "Cleanup", Time since last: 1000472193 ns, Reaching safepoint: 166500 ns, At safepoint: 10800 ns, Total: 177300 ns
[2023-11-12T19:42:00.576+0000][8][safepoint   ] Safepoint "Cleanup", Time since last: 6001507655 ns, Reaching safepoint: 435100 ns, At safepoint: 18000 ns, Total: 453100 ns
[2023-11-12T19:42:02.085+0000][8][gc,heap,exit] Heap
[2023-11-12T19:42:02.085+0000][8][gc,heap,exit]  garbage-first heap   total 524288K, used 152920K [0x00000000e0000000, 0x0000000100000000)
[2023-11-12T19:42:02.085+0000][8][gc,heap,exit]   region size 4096K, 23 young (94208K), 6 survivors (24576K)
[2023-11-12T19:42:02.085+0000][8][gc,heap,exit]  Metaspace       used 91323K, committed 92672K, reserved 1130496K
[2023-11-12T19:42:02.085+0000][8][gc,heap,exit]   class space    used 12537K, committed 13056K, reserved 1048576K
