[2023-11-12T19:41:02.094+0000][172][gc] Using G1
[2023-11-12T19:41:02.103+0000][172][gc,init] Version: 16+36 (release)
[2023-11-12T19:41:02.103+0000][172][gc,init] CPUs: 4 total, 4 available
[2023-11-12T19:41:02.103+0000][172][gc,init] Memory: 7886M
[2023-11-12T19:41:02.103+0000][172][gc,init] Large Page Support: Disabled
[2023-11-12T19:41:02.103+0000][172][gc,init] NUMA Support: Disabled
[2023-11-12T19:41:02.103+0000][172][gc,init] Compressed Oops: Enabled (32-bit)
[2023-11-12T19:41:02.103+0000][172][gc,init] Heap Region Size: 1M
[2023-11-12T19:41:02.103+0000][172][gc,init] Heap Min Capacity: 512M
[2023-11-12T19:41:02.103+0000][172][gc,init] Heap Initial Capacity: 512M
[2023-11-12T19:41:02.103+0000][172][gc,init] Heap Max Capacity: 512M
[2023-11-12T19:41:02.103+0000][172][gc,init] Pre-touch: Disabled
[2023-11-12T19:41:02.103+0000][172][gc,init] Parallel Workers: 4
[2023-11-12T19:41:02.103+0000][172][gc,init] Concurrent Workers: 1
[2023-11-12T19:41:02.103+0000][172][gc,init] Concurrent Refinement Workers: 4
[2023-11-12T19:41:02.103+0000][172][gc,init] Periodic GC: Disabled
[2023-11-12T19:41:02.104+0000][172][gc,metaspace] CDS disabled.
[2023-11-12T19:41:02.104+0000][172][gc,metaspace] Compressed class space mapped at: 0x0000000100000000-0x0000000140000000, reserved size: 1073741824
[2023-11-12T19:41:02.104+0000][172][gc,metaspace] Narrow klass base: 0x0000000000000000, Narrow klass shift: 3, Narrow klass range: 0x140000000
[2023-11-12T19:41:02.218+0000][172][gc,heap,exit] Heap
[2023-11-12T19:41:02.218+0000][172][gc,heap,exit]  garbage-first heap   total 524288K, used 2048K [0x00000000e0000000, 0x0000000100000000)
[2023-11-12T19:41:02.218+0000][172][gc,heap,exit]   region size 1024K, 2 young (2048K), 0 survivors (0K)
[2023-11-12T19:41:02.219+0000][172][gc,heap,exit]  Metaspace       used 3565K, committed 3648K, reserved 1056768K
[2023-11-12T19:41:02.219+0000][172][gc,heap,exit]   class space    used 282K, committed 320K, reserved 1048576K
